05-27 23:48:47.084  1072  4033 D MotionRecognitionService:   .unregisterCallback : 0, client=com.android.server.notification.EasyMuteController$1@9237d40
05-27 23:48:47.094  1072  4033 I MotionRecognitionManager:   .unregisterListener : / listener count = 1->0, name :com.android.server.notification.EasyMuteController$1@9237d40
05-27 23:48:47.381 19028 19029 I AidlLazyServiceRegistrar: Process has 0 (of 1 available) client(s) in use after notification artd has clients: 0
05-27 23:48:49.390  1495  1495 I GestureDetector: obtain mCurrentDownEvent. id: 62998416 caller: android.view.ScaleGestureDetector.onTouchEvent:275 com.android.systemui.ExpandHelper.onInterceptTouchEvent:16 com.android.systemui.statusbar.notification.stack.NotificationStackScrollLayoutController$TouchHandler.onInterceptTouchEvent:112 
05-27 23:48:49.466  1495  1495 D SecPanelLogger:    com.android.systemui.statusbar.notification.stack.NotificationStackScrollLayout.notifyHeightChangeListener:5
05-27 23:48:49.466  1495  1495 D SecPanelLogger:    com.android.systemui.statusbar.notification.stack.NotificationStackScrollLayout.onChildHeightChanged:122
05-27 23:48:49.466  1495  1495 D SecPanelLogger:    com.android.systemui.statusbar.notification.stack.NotificationStackScrollLayout$8.onHeightChanged:3
05-27 23:48:49.477  1495  1495 D SecPanelLogger:    com.android.systemui.statusbar.notification.stack.NotificationStackScrollLayout.notifyHeightChangeListener:5
05-27 23:48:49.477  1495  1495 D SecPanelLogger:    com.android.systemui.statusbar.notification.stack.NotificationStackScrollLayout.onChildHeightChanged:122
05-27 23:48:49.477  1495  1495 D SecPanelLogger:    com.android.systemui.statusbar.notification.stack.NotificationStackScrollLayout$8.onHeightChanged:3
05-27 23:48:49.489  1495  1495 D SecPanelLogger:    com.android.systemui.statusbar.notification.stack.NotificationStackScrollLayout.notifyHeightChangeListener:5
05-27 23:48:49.489  1495  1495 D SecPanelLogger:    com.android.systemui.statusbar.notification.stack.NotificationStackScrollLayout.onChildHeightChanged:122
05-27 23:48:49.489  1495  1495 D SecPanelLogger:    com.android.systemui.statusbar.notification.stack.NotificationStackScrollLayout$8.onHeightChanged:3
05-27 23:48:49.499  1495  1495 D SecPanelLogger:    com.android.systemui.statusbar.notification.stack.NotificationStackScrollLayout.notifyHeightChangeListener:5
05-27 23:48:49.499  1495  1495 D SecPanelLogger:    com.android.systemui.statusbar.notification.stack.NotificationStackScrollLayout.onChildHeightChanged:122
05-27 23:48:49.499  1495  1495 D SecPanelLogger:    com.android.systemui.statusbar.notification.stack.NotificationStackScrollLayout$8.onHeightChanged:3
05-27 23:48:49.510  1495  1495 D SecPanelLogger:    com.android.systemui.statusbar.notification.stack.NotificationStackScrollLayout.notifyHeightChangeListener:5
05-27 23:48:49.510  1495  1495 D SecPanelLogger:    com.android.systemui.statusbar.notification.stack.NotificationStackScrollLayout.onChildHeightChanged:122
05-27 23:48:49.510  1495  1495 D SecPanelLogger:    com.android.systemui.statusbar.notification.stack.NotificationStackScrollLayout$8.onHeightChanged:3
05-27 23:48:49.543  1495  1495 D SecPanelLogger:    com.android.systemui.statusbar.notification.stack.NotificationStackScrollLayout.notifyHeightChangeListener:5
05-27 23:48:49.556  1495  1495 D SecPanelLogger:    com.android.systemui.statusbar.notification.stack.NotificationStackScrollLayout.notifyHeightChangeListener:5
05-27 23:48:49.571  1495  1495 D SecPanelLogger:    com.android.systemui.statusbar.notification.stack.NotificationStackScrollLayout.notifyHeightChangeListener:5
05-27 23:48:49.583  1495  1495 D SecPanelLogger:    com.android.systemui.statusbar.notification.stack.NotificationStackScrollLayout.notifyHeightChangeListener:5
05-27 23:48:49.603  1495  1495 D SecPanelLogger:    com.android.systemui.statusbar.notification.stack.NotificationStackScrollLayout.notifyHeightChangeListener:5
05-27 23:48:49.614  1495  1495 D SecPanelLogger:    com.android.systemui.statusbar.notification.stack.NotificationStackScrollLayout.notifyHeightChangeListener:5
05-27 23:48:49.625  1495  1495 D SecPanelLogger:    com.android.systemui.statusbar.notification.stack.NotificationStackScrollLayout.notifyHeightChangeListener:5
05-27 23:48:49.650  1495  1495 D SecPanelLogger:    com.android.systemui.statusbar.notification.stack.NotificationStackScrollLayout.notifyHeightChangeListener:5
05-27 23:48:49.693  1495  1495 D SecPanelLogger:    com.android.systemui.statusbar.notification.stack.NotificationStackScrollLayout.notifyHeightChangeListener:5
05-27 23:48:49.705  1495  1495 D SecPanelLogger:    com.android.systemui.statusbar.notification.stack.NotificationStackScrollLayout.notifyHeightChangeListener:5
05-27 23:48:49.715  1495  1495 D SecPanelLogger:    com.android.systemui.statusbar.notification.stack.NotificationStackScrollLayout.notifyHeightChangeListener:5
05-27 23:48:49.727  1495  1495 D SecPanelLogger:    com.android.systemui.statusbar.notification.stack.NotificationStackScrollLayout.notifyHeightChangeListener:5
05-27 23:48:49.738  1495  1495 D SecPanelLogger:    com.android.systemui.statusbar.notification.stack.NotificationStackScrollLayout.notifyHeightChangeListener:5
05-27 23:48:49.749  1495  1495 D SecPanelLogger:    com.android.systemui.statusbar.notification.stack.NotificationStackScrollLayout.notifyHeightChangeListener:5
05-27 23:48:49.759  1495  1495 D SecPanelLogger:    com.android.systemui.statusbar.notification.stack.NotificationStackScrollLayout.notifyHeightChangeListener:5
05-27 23:48:49.771  1495  1495 D SecPanelLogger:    com.android.systemui.statusbar.notification.stack.NotificationStackScrollLayout.notifyHeightChangeListener:5
05-27 23:48:49.784  1495  1495 D SecPanelLogger:    com.android.systemui.statusbar.notification.stack.NotificationStackScrollLayout.notifyHeightChangeListener:5
05-27 23:48:49.793  1495  1495 D SecPanelLogger:    com.android.systemui.statusbar.notification.stack.NotificationStackScrollLayout.notifyHeightChangeListener:5
05-27 23:48:49.805  1495  1495 D SecPanelLogger:    com.android.systemui.statusbar.notification.stack.NotificationStackScrollLayout.notifyHeightChangeListener:5
05-27 23:48:49.817  1495  1495 D SecPanelLogger:    com.android.systemui.statusbar.notification.stack.NotificationStackScrollLayout.notifyHeightChangeListener:5
05-27 23:48:49.838  1495  1495 D SecPanelLogger:    com.android.systemui.statusbar.notification.stack.NotificationStackScrollLayout.notifyHeightChangeListener:5
05-27 23:48:49.850  1495  1495 D SecPanelLogger:    com.android.systemui.statusbar.notification.stack.NotificationStackScrollLayout.notifyHeightChangeListener:5
05-27 23:48:49.873  1495  1495 D SecPanelLogger:    com.android.systemui.statusbar.notification.stack.NotificationStackScrollLayout.notifyHeightChangeListener:5
05-27 23:48:49.901  1495  1495 D SecPanelLogger:    com.android.systemui.statusbar.notification.stack.NotificationStackScrollLayout.notifyHeightChangeListener:5
05-27 23:48:50.330  1495  1495 I GestureDetector: obtain mCurrentDownEvent. id: 476819644 caller: android.view.ScaleGestureDetector.onTouchEvent:275 com.android.systemui.ExpandHelper.onInterceptTouchEvent:16 com.android.systemui.statusbar.notification.stack.NotificationStackScrollLayoutController$TouchHandler.onInterceptTouchEvent:112 
05-27 23:48:50.430  1495  1495 D SecPanelLogger:    com.android.systemui.statusbar.notification.stack.NotificationStackScrollLayout.notifyHeightChangeListener:5
05-27 23:48:50.430  1495  1495 D SecPanelLogger:    com.android.systemui.statusbar.notification.stack.NotificationStackScrollLayout.onChildHeightChanged:122
05-27 23:48:50.430  1495  1495 D SecPanelLogger:    com.android.systemui.statusbar.notification.stack.NotificationStackScrollLayout$8.onHeightChanged:3
05-27 23:48:50.444  1495  1495 D SecPanelLogger:    com.android.systemui.statusbar.notification.stack.NotificationStackScrollLayout.notifyHeightChangeListener:5
05-27 23:48:50.444  1495  1495 D SecPanelLogger:    com.android.systemui.statusbar.notification.stack.NotificationStackScrollLayout.onChildHeightChanged:122
05-27 23:48:50.444  1495  1495 D SecPanelLogger:    com.android.systemui.statusbar.notification.stack.NotificationStackScrollLayout$8.onHeightChanged:3
05-27 23:48:50.466  1495  1495 D SecPanelLogger:    com.android.systemui.statusbar.notification.stack.NotificationStackScrollLayout.notifyHeightChangeListener:5
05-27 23:48:50.466  1495  1495 D SecPanelLogger:    com.android.systemui.statusbar.notification.stack.NotificationStackScrollLayout.onChildHeightChanged:122
05-27 23:48:50.466  1495  1495 D SecPanelLogger:    com.android.systemui.statusbar.notification.stack.NotificationStackScrollLayout$8.onHeightChanged:3
05-27 23:48:50.490  1495  1495 D SecPanelLogger:    com.android.systemui.statusbar.notification.stack.NotificationStackScrollLayout.notifyHeightChangeListener:5
05-27 23:48:50.490  1495  1495 D SecPanelLogger:    com.android.systemui.statusbar.notification.stack.NotificationStackScrollLayout.onChildHeightChanged:122
05-27 23:48:50.490  1495  1495 D SecPanelLogger:    com.android.systemui.statusbar.notification.stack.NotificationStackScrollLayout$8.onHeightChanged:3
05-27 23:48:50.499  1495  1495 D SecPanelLogger:    com.android.systemui.statusbar.notification.stack.NotificationStackScrollLayout.notifyHeightChangeListener:5
05-27 23:48:50.499  1495  1495 D SecPanelLogger:    com.android.systemui.statusbar.notification.stack.NotificationStackScrollLayout.onChildHeightChanged:122
05-27 23:48:50.499  1495  1495 D SecPanelLogger:    com.android.systemui.statusbar.notification.stack.NotificationStackScrollLayout$8.onHeightChanged:3
05-27 23:48:50.520  1495  1495 D SecPanelLogger:    com.android.systemui.statusbar.notification.stack.NotificationStackScrollLayout.notifyHeightChangeListener:5
05-27 23:48:50.520  1495  1495 D SecPanelLogger:    com.android.systemui.statusbar.notification.stack.NotificationStackScrollLayout.onChildHeightChanged:122
05-27 23:48:50.520  1495  1495 D SecPanelLogger:    com.android.systemui.statusbar.notification.stack.NotificationStackScrollLayout$8.onHeightChanged:3
05-27 23:48:50.535  1495  1495 D SecPanelLogger:    com.android.systemui.statusbar.notification.stack.NotificationStackScrollLayout.notifyHeightChangeListener:5
05-27 23:48:50.535  1495  1495 D SecPanelLogger:    com.android.systemui.statusbar.notification.stack.NotificationStackScrollLayout.onChildHeightChanged:122
05-27 23:48:50.535  1495  1495 D SecPanelLogger:    com.android.systemui.statusbar.notification.stack.NotificationStackScrollLayout$8.onHeightChanged:3
05-27 23:48:50.566  1495  1495 D SecPanelLogger:    com.android.systemui.statusbar.notification.stack.NotificationStackScrollLayout.notifyHeightChangeListener:5
05-27 23:48:50.581  1495  1495 D SecPanelLogger:    com.android.systemui.statusbar.notification.stack.NotificationStackScrollLayout.notifyHeightChangeListener:5
05-27 23:48:50.599  1495  1495 D SecPanelLogger:    com.android.systemui.statusbar.notification.stack.NotificationStackScrollLayout.notifyHeightChangeListener:5
05-27 23:48:50.614  1495  1495 D SecPanelLogger:    com.android.systemui.statusbar.notification.stack.NotificationStackScrollLayout.notifyHeightChangeListener:5
05-27 23:48:50.691  1495  1495 D SecPanelLogger:    com.android.systemui.statusbar.notification.stack.NotificationStackScrollLayout.notifyHeightChangeListener:5
05-27 23:48:50.716  1495  1495 D SecPanelLogger:    com.android.systemui.statusbar.notification.stack.NotificationStackScrollLayout.notifyHeightChangeListener:5
05-27 23:48:50.737  1495  1495 D SecPanelLogger:    com.android.systemui.statusbar.notification.stack.NotificationStackScrollLayout.notifyHeightChangeListener:5
05-27 23:48:50.757  1495  1495 D SecPanelLogger:    com.android.systemui.statusbar.notification.stack.NotificationStackScrollLayout.notifyHeightChangeListener:5
05-27 23:48:50.778  1495  1495 D SecPanelLogger:    com.android.systemui.statusbar.notification.stack.NotificationStackScrollLayout.notifyHeightChangeListener:5
05-27 23:48:50.799  1495  1495 D SecPanelLogger:    com.android.systemui.statusbar.notification.stack.NotificationStackScrollLayout.notifyHeightChangeListener:5
05-27 23:48:50.816  1495  1495 D SecPanelLogger:    com.android.systemui.statusbar.notification.stack.NotificationStackScrollLayout.notifyHeightChangeListener:5
05-27 23:48:50.836  1495  1495 D SecPanelLogger:    com.android.systemui.statusbar.notification.stack.NotificationStackScrollLayout.notifyHeightChangeListener:5
05-27 23:48:50.854  1495  1495 D SecPanelLogger:    com.android.systemui.statusbar.notification.stack.NotificationStackScrollLayout.notifyHeightChangeListener:5
05-27 23:48:50.867  1495  1495 D SecPanelLogger:    com.android.systemui.statusbar.notification.stack.NotificationStackScrollLayout.notifyHeightChangeListener:5
05-27 23:48:50.902  1495  1495 D SecPanelLogger:    com.android.systemui.statusbar.notification.stack.NotificationStackScrollLayout.notifyHeightChangeListener:5
05-27 23:48:52.972  1495  1495 I GestureDetector: obtain mCurrentDownEvent. id: 898179177 caller: android.view.ScaleGestureDetector.onTouchEvent:275 com.android.systemui.ExpandHelper.onInterceptTouchEvent:16 com.android.systemui.statusbar.notification.stack.NotificationStackScrollLayoutController$TouchHandler.onInterceptTouchEvent:112 
05-27 23:48:53.149  1495  1495 D SystemUIAnalytics: sendEventLog , , type, conversation, priority, silent, information, com.whatsapp ; 1 ; silent_notifications_3 ; null ; 2
05-27 23:48:53.152  1495  1495 D StackScroller: onViewRemovedInternal animationGenerated addTransientView : com.android.systemui.statusbar.notification.row.ExpandableNotificationRow{e00ffa0 VFE...C.. ......ID 30,0-1050,343 #7f0a03c6 app:id/expandableNotificationRow}
05-27 23:48:53.197  1072  1072 D ActivityManager: Received BROADCAST intent 0x47c420f Key{broadcastIntent pkg=com.whatsapp intent=cmp=com.whatsapp/.notification.MessageNotificationDismissedReceiver flags=0x4000000 u=0} requestCode=1 sent=0 from uid 1000
05-27 23:48:53.198  1072  1072 D EdgeLightingPolicyManager:NotificationGroup: remove : sbn : StatusBarNotification(pkg=com.whatsapp user=UserHandle{0} id=1 tag=null key=0|com.whatsapp|1|null|10292: Notification(channel=silent_notifications_3 shortcut=916381439927@s.whatsapp.net contentView=null vibrate=null sound=null tick defaults=0x0 flags=0x200 color=0xff21c063 category=msg groupKey=group_key_messages vis=PRIVATE publicVersion=Notification(channel=null shortcut=null contentView=null vibrate=null sound=null defaults=0x0 flags=0x0 color=0xff21c063 category=msg vis=PRIVATE semFlags=0x0 semPriority=0 semMissedCount=0) semFlags=0x0 semPriority=0 semMissedCount=0))
05-27 23:48:53.199  1072  1072 D EdgeLightingPolicyManager.NotificationGroup: group notification count : 3
05-27 23:48:53.208  1072  1072 D ActivityManager: Received BROADCAST intent 0xe9730aa Key{broadcastIntent pkg=com.whatsapp intent=dat=content://com.whatsapp.provider.contact/... cmp=com.whatsapp/.notification.MessageNotificationDismissedReceiver flags=0x4000000 u=0} requestCode=1 sent=0 from uid 1000
05-27 23:48:53.209  1072  1072 D EdgeLightingPolicyManager:NotificationGroup: |10292: Notification(channel=silent_notifications_3 shortcut=916381439927@s.whatsapp.net contentView=null vibrate=null sound=null defaults=0x0 flags=0x8 color=0xff21c063 groupKey=group_key_messages sortKey=1 actions=3 vis=PRIVATE publicVersion=Notification(channel=null shortcut=null contentView=null vibrate=null sound=null defaults=0x0 flags=0x0 color=0xff21c063 category=msg vis=PRIVATE semFlags=0x0 semPriority=0 semMissedCount=0) semFlags=0x0 semPriority=0 semMissedCount=0))
05-27 23:48:53.209  1072  1072 D EdgeLightingPolicyManager.NotificationGroup: group notification count : 3
05-27 23:48:53.228 20907 20907 I HoneySpace.BadgeDataSourceImpl: Get notification count. PackageKey(packageName=com.whatsapp, user=UserHandle{0}) - forceBadgeCount: false, notification listener: 2, badge provider: 2
05-27 23:48:53.390  1495  1495 D com.android.systemui.SwipeHelper: swiped dismiss anim end : com.android.systemui.statusbar.notification.row.ExpandableNotificationRow{e00ffa0 VFE...C.. ......ID 30,0-1050,343 #7f0a03c6 app:id/expandableNotificationRow}
05-27 23:48:53.956 16286 16454 I NotificationManager: , Notification(channel=silent_notifications_3 shortcut=916381439927@s.whatsapp.net contentView=null vibrate=null sound=null defaults=0x0 flags=0x8 color=0xff21c063 groupKey=group_key_messages sortKey=1 actions=3 vis=PRIVATE publicVersion=Notification(channel=null shortcut=null contentView=null vibrate=null sound=null defaults=0x0 flags=0x0 color=0xff21c063 category=msg vis=PRIVATE semFlags=0x0 semPriority=0 semMissedCount=0) semFlags=0x0 semPriority=0 semMissedCount=0)) as user
05-27 23:48:53.975 16286 16454 I NotificationManager: com.whatsapp: notify(1, null, Notification(channel=silent_notifications_3 shortcut=916381439927@s.whatsapp.net contentView=null vibrate=null sound=null tick defaults=0x0 flags=0x200 color=0xff21c063 category=msg groupKey=group_key_messages vis=PRIVATE publicVersion=Notification(channel=null shortcut=null contentView=null vibrate=null sound=null defaults=0x0 flags=0x0 color=0xff21c063 category=msg vis=PRIVATE semFlags=0x0 semPriority=0 semMissedCount=0) semFlags=0x0 semPriority=0 semMissedCount=0)) as user
05-27 23:48:54.013 20907 25345 I HoneySpace.BadgeDataSourceImpl: Get notification count. PackageKey(packageName=com.linkedin.android, user=UserHandle{0}) - forceBadgeCount: false, notification listener: 2, badge provider: 1
05-27 23:48:54.013 20907 25345 I HoneySpace.BadgeDataSourceImpl: Get notification count. PackageKey(packageName=com.linkedin.android, user=UserHandle{0}) - forceBadgeCount: false, notification listener: 2, badge provider: 2
05-27 23:48:54.025 20907 25345 I HoneySpace.BadgeDataSourceImpl: Get notification count. PackageKey(packageName=com.linkedin.android, user=UserHandle{0}) - forceBadgeCount: false, notification listener: 2, badge provider: 1
05-27 23:48:54.026 20907 25345 I HoneySpace.BadgeDataSourceImpl: Get notification count. PackageKey(packageName=com.linkedin.android, user=UserHandle{0}) - forceBadgeCount: false, notification listener: 2, badge provider: 2
05-27 23:48:54.201 20907 20907 I HoneySpace.BadgeDataSourceImpl: Get notification count. PackageKey(packageName=com.whatsapp, user=UserHandle{0}) - forceBadgeCount: false, notification listener: 3, badge provider: 3
05-27 23:48:54.202 20907 20907 I HoneySpace.NotificationListener: invalid notification: com.whatsapp UserHandle{0}: isGroup=true, isMissing=false
05-27 23:48:54.203 20907 20907 I HoneySpace.BadgeDataSourceImpl: Get notification count. PackageKey(packageName=com.whatsapp, user=UserHandle{0}) - forceBadgeCount: false, notification listener: 3, badge provider: 3
05-27 23:48:55.225  1495  1495 D ActivatableNotificationView: startAppearAnim endcom.android.systemui.statusbar.notification.row.ActivatableNotificationView$2@3e95f7b
05-27 23:48:56.444  1495  1495 I GestureDetector: obtain mCurrentDownEvent. id: 208533931 caller: android.view.ScaleGestureDetector.onTouchEvent:275 com.android.systemui.ExpandHelper.onInterceptTouchEvent:16 com.android.systemui.statusbar.notification.stack.NotificationStackScrollLayoutController$TouchHandler.onInterceptTouchEvent:112 
05-27 23:48:56.611  1495  1495 D SystemUIAnalytics: sendEventLog , , type, conversation, priority, silent, information, com.whatsapp ; 1 ; silent_notifications_3 ; null ; 2
05-27 23:48:56.614  1495  1495 D StackScroller: onViewRemovedInternal animationGenerated addTransientView : com.android.systemui.statusbar.notification.row.ExpandableNotificationRow{cd95c08 VFE...C.. ......ID 30,0-1050,458 #7f0a03c6 app:id/expandableNotificationRow}
05-27 23:48:56.615  1072  1072 D ActivityManager: Received BROADCAST intent 0x47c420f Key{broadcastIntent pkg=com.whatsapp intent=cmp=com.whatsapp/.notification.MessageNotificationDismissedReceiver flags=0x4000000 u=0} requestCode=1 sent=0 from uid 1000
05-27 23:48:56.617  1072  1072 D EdgeLightingPolicyManager:NotificationGroup: remove : sbn : StatusBarNotification(pkg=com.whatsapp user=UserHandle{0} id=1 tag=null key=0|com.whatsapp|1|null|10292: Notification(channel=silent_notifications_3 shortcut=916381439927@s.whatsapp.net contentView=null vibrate=null sound=null tick defaults=0x0 flags=0x200 color=0xff21c063 category=msg groupKey=group_key_messages vis=PRIVATE publicVersion=Notification(channel=null shortcut=null contentView=null vibrate=null sound=null defaults=0x0 flags=0x0 color=0xff21c063 category=msg vis=PRIVATE semFlags=0x0 semPriority=0 semMissedCount=0) semFlags=0x0 semPriority=0 semMissedCount=0))
05-27 23:48:56.617  1072  1072 D EdgeLightingPolicyManager.NotificationGroup: group notification count : 3
05-27 23:48:56.628  1072  1072 D ActivityManager: Received BROADCAST intent 0xe9730aa Key{broadcastIntent pkg=com.whatsapp intent=dat=content://com.whatsapp.provider.contact/... cmp=com.whatsapp/.notification.MessageNotificationDismissedReceiver flags=0x4000000 u=0} requestCode=1 sent=0 from uid 1000
05-27 23:48:56.630  1072  1072 D EdgeLightingPolicyManager:NotificationGroup: |10292: Notification(channel=silent_notifications_3 shortcut=916381439927@s.whatsapp.net contentView=null vibrate=null sound=null defaults=0x0 flags=0x8 color=0xff21c063 groupKey=group_key_messages sortKey=1 actions=3 vis=PRIVATE publicVersion=Notification(channel=null shortcut=null contentView=null vibrate=null sound=null defaults=0x0 flags=0x0 color=0xff21c063 category=msg vis=PRIVATE semFlags=0x0 semPriority=0 semMissedCount=0) semFlags=0x0 semPriority=0 semMissedCount=0))
05-27 23:48:56.630  1072  1072 D EdgeLightingPolicyManager.NotificationGroup: group notification count : 3
05-27 23:48:56.640 20907 20907 I HoneySpace.BadgeDataSourceImpl: Get notification count. PackageKey(packageName=com.whatsapp, user=UserHandle{0}) - forceBadgeCount: false, notification listener: 3, badge provider: 3
05-27 23:48:56.708  1495  1495 D com.android.systemui.SwipeHelper: swiped dismiss anim end : com.android.systemui.statusbar.notification.row.ExpandableNotificationRow{cd95c08 VFE...C.. ......ID 30,0-1050,458 #7f0a03c6 app:id/expandableNotificationRow}
05-27 23:48:57.674  1495  1495 I GestureDetector: obtain mCurrentDownEvent. id: 612032364 caller: android.view.ScaleGestureDetector.onTouchEvent:275 com.android.systemui.ExpandHelper.onInterceptTouchEvent:16 com.android.systemui.statusbar.notification.stack.NotificationStackScrollLayoutController$TouchHandler.onInterceptTouchEvent:112 
05-27 23:48:57.774  1495  1495 D StackScroller: onViewRemovedInternal animationGenerated addTransientView : com.android.systemui.statusbar.notification.row.ExpandableNotificationRow{7fa7651 VFE...C.. ......ID 30,0-1050,291 #7f0a03c6 app:id/expandableNotificationRow}
05-27 23:48:57.781  1072  1072 D ActivityManager: Received BROADCAST intent 0xb9431d2 Key{broadcastIntent pkg=com.linkedin.android intent=pkg=com.linkedin.android cmp=com.linkedin.android/.l2m.notification.DismissNotificationReceiver flags=0x4000000 u=0} requestCode=-1 sent=0 from uid 1000
05-27 23:48:57.784  1072  1072 D EdgeLightingPolicyManager.NotificationGroup: group notification count : 3
05-27 23:48:58.082  1495  1495 D com.android.systemui.SwipeHelper: swiped dismiss anim end : com.android.systemui.statusbar.notification.row.ExpandableNotificationRow{7fa7651 VFE...C.. ......ID 30,0-1050,291 #7f0a03c6 app:id/expandableNotificationRow}
05-27 23:48:58.175  1495  1495 I GestureDetector: obtain mCurrentDownEvent. id: 283455616 caller: android.view.ScaleGestureDetector.onTouchEvent:275 com.android.systemui.ExpandHelper.onInterceptTouchEvent:16 com.android.systemui.statusbar.notification.stack.NotificationStackScrollLayoutController$TouchHandler.onInterceptTouchEvent:112 
05-27 23:48:58.175  1495  1495 I GestureDetector: obtain mCurrentDownEvent. id: 283455616 caller: android.view.ScaleGestureDetector.onTouchEvent:275 com.android.systemui.ExpandHelper.onTouchEvent:20 com.android.systemui.statusbar.notification.stack.NotificationStackScrollLayoutController$TouchHandler.onTouchEvent:104 
05-27 23:49:00.091 19270 19270 I flutter : Triggering test notification
05-27 23:49:00.104 19270 19270 I flutter : Test notification triggered
05-27 23:49:00.105 19270 19270 I flutter : Test notification button pressed
05-27 23:49:00.318  1072  1072 D EdgeLightingPolicyManager.NotificationGroup: group notification count : 3
05-27 23:49:00.319  1072  1072 D NotificationService: Changed notification by edgelighting.
05-27 23:49:00.325  1072  1072 D FlashNotifController: Flash notification is disabled
05-27 23:49:00.331  1072  1072 D MotionRecognitionService:   .registerCallback : 1, required_sensors=3, client=com.android.server.notification.EasyMuteController$1@9237d40
05-27 23:49:00.332  1072  1072 V MotionRecognitionManager:   .registerListener : success. listener count = 0->1, motion_events=1, name :com.android.server.notification.EasyMuteController$1@9237d40
05-27 23:49:00.349 20907 20907 I HoneySpace.BadgeDataSourceImpl: Get notification count. PackageKey(packageName=com.example.to_do_list, user=UserHandle{0}) - forceBadgeCount: false, notification listener: 1, badge provider: 0
05-27 23:49:00.375   862 29480 V MediaPlayerService: setDataSource fd=19 (/data/system_de/0/ringtones/notification_sound_cache), offset=0, length=576460752303423487
05-27 23:49:00.622 19615 19615 I NotificationEffect: setEdgeEffectInfo:  dur=4000 hasActionButton=false isGrayScaled= false color=ff99b1bc notificationKey=0|com.example.to_do_list|0|null|10513 actionEnable= true
05-27 23:49:01.012   702   778 D AudioFlinger: Client defaulted notificationFrames to 7350 for frameCount 22050
05-27 23:49:03.528  1072  1176 D MotionRecognitionManager: @ member 0 = com.android.server.notification.EasyMuteController$1@9237d40
05-27 23:49:03.528  1072  1176 D MotionRecognitionService:   .unregisterCallback : 0, client=com.android.server.notification.EasyMuteController$1@9237d40
05-27 23:49:03.534  1072  1176 I MotionRecognitionManager:   .unregisterListener : / listener count = 1->0, name :com.android.server.notification.EasyMuteController$1@9237d40
05-27 23:49:15.544 20907 20907 I HoneySpace.NotificationListener: invalid notification: com.android.systemui UserHandle{-1}: canShowBadge is false
05-27 23:49:45.800 20907 20907 I HoneySpace.NotificationListener: invalid notification: com.android.systemui UserHandle{-1}: canShowBadge is false
05-27 23:50:01.085  1495  1495 I FaceWidgetPositionAlgorithm: setup() mStatusBarHeight = 65, mDarkAmount = 1.0, mQsTopPadding = 1165, notificationStackHeight = 178, mPanelExpansion = 0.0, mHeight = 2408, mFaceWidgetContainerHeight = 508, mCurrentClockType = 1, notificationType = 0, hasVisibleNotifs = false
05-27 23:50:01.088  1495  1495 W View    : requestLayout() improperly called by com.android.systemui.shade.NotificationsQuickSettingsContainer{ddfcedb V.E...... ......ID 0,0-1080,2408 #7f0a0747 app:id/notification_container_parent} during layout: running second layout pass
05-27 23:50:01.170  1495  1495 W View    : requestLayout() improperly called by com.android.systemui.shade.NotificationsQuickSettingsContainer{ddfcedb V.E...... ......ID 0,0-1080,2408 #7f0a0747 app:id/notification_container_parent} during second layout pass: posting in next frame
05-27 23:50:01.170  1495  1495 W View    : requestLayout() improperly called by com.android.systemui.statusbar.notification.stack.NotificationStackScrollLayout{9f6a043 I.E...... ......ID 0,0-1080,2273 #7f0a0757 app:id/notification_stack_scroller} during second layout pass: posting in next frame
05-27 23:50:05.937 20907 20907 I HoneySpace.NotificationListener: invalid notification: com.android.systemui UserHandle{-1}: canShowBadge is false
05-27 23:50:26.081 20907 20907 I HoneySpace.NotificationListener: invalid notification: com.android.systemui UserHandle{-1}: canShowBadge is false
05-27 23:50:46.261 20907 20907 I HoneySpace.NotificationListener: invalid notification: com.android.systemui UserHandle{-1}: canShowBadge is false
05-27 23:51:16.421 20907 20907 I HoneySpace.NotificationListener: invalid notification: com.android.systemui UserHandle{-1}: canShowBadge is false
05-27 23:51:32.896  1467  1467 D CallNotifier: updatePhoneStateListeners: update CF notifications.
05-27 23:51:32.908  1467  1467 D CallNotifier: updatePhoneStateListeners: update MW notifications.
05-27 23:51:32.909  1467  1467 D Telephony: SamsungVoiceMailMwiNotifiaction: getMwiNotificationId, notificationId: 2
05-27 23:51:32.909  1467  1467 I NotificationMgr: updateMwi(): phoneId 1, notificationId 2
05-27 23:51:32.920  1467  1467 D CallNotifier: updatePhoneStateListeners: update CF notifications.
05-27 23:51:32.923  1467  1467 D CallNotifier: updatePhoneStateListeners: update MW notifications.
05-27 23:51:32.923  1467  1467 D Telephony: SamsungVoiceMailMwiNotifiaction: getMwiNotificationId, notificationId: 3
05-27 23:51:32.923  1467  1467 I NotificationMgr: updateMwi(): phoneId 0, notificationId 3
05-27 23:51:32.931  1467  1467 D Telephony: SamsungTuiAsyncSendExtras: SamsungTuiAsyncSendExtras[onPreExecute] method: network_notification_event
05-27 23:51:32.932  1467 12315 D Telephony: SamsungTuiAsyncSendExtras: SamsungTuiAsyncSendExtras[doInBackground] method: network_notification_event
05-27 23:51:32.942  9748  9760 I InternalContentProvider: network_notification_event null
05-27 23:51:32.942  9748  9760 I CarrierUiCallFunctions: call network_notification_event null Bundle[mParcelledData.dataSize=840]
05-27 23:51:32.944  1467  1467 D Telephony: SamsungTuiAsyncSendExtras: SamsungTuiAsyncSendExtras[onPostExecute] method: network_notification_event
05-27 23:51:36.578 20907 20907 I HoneySpace.NotificationListener: invalid notification: com.android.systemui UserHandle{-1}: canShowBadge is false
05-27 23:51:40.951  1467  1467 D CallNotifier: updatePhoneStateListeners: update CF notifications.
05-27 23:51:40.959  1467  1467 D CallNotifier: updatePhoneStateListeners: update MW notifications.
05-27 23:51:40.959  1467  1467 D Telephony: SamsungVoiceMailMwiNotifiaction: getMwiNotificationId, notificationId: 2
05-27 23:51:40.959  1467  1467 I NotificationMgr: updateMwi(): phoneId 1, notificationId 2
05-27 23:51:40.970  1467  1467 D CallNotifier: updatePhoneStateListeners: update CF notifications.
05-27 23:51:40.978  1467  1467 D CallNotifier: updatePhoneStateListeners: update MW notifications.
05-27 23:51:40.978  1467  1467 D Telephony: SamsungVoiceMailMwiNotifiaction: getMwiNotificationId, notificationId: 3
05-27 23:51:40.978  1467  1467 I NotificationMgr: updateMwi(): phoneId 0, notificationId 3
05-27 23:51:40.993  1467  1467 D Telephony: SamsungTuiAsyncSendExtras: SamsungTuiAsyncSendExtras[onPreExecute] method: network_notification_event
05-27 23:51:40.996  1467 12315 D Telephony: SamsungTuiAsyncSendExtras: SamsungTuiAsyncSendExtras[doInBackground] method: network_notification_event
05-27 23:51:41.001  9748  9760 I InternalContentProvider: network_notification_event null
05-27 23:51:41.001  9748  9760 I CarrierUiCallFunctions: call network_notification_event null Bundle[mParcelledData.dataSize=832]
05-27 23:51:41.123  1467  1467 D Telephony: SamsungTuiAsyncSendExtras: SamsungTuiAsyncSendExtras[onPostExecute] method: network_notification_event
05-27 23:51:56.752 20907 20907 I HoneySpace.NotificationListener: invalid notification: com.android.systemui UserHandle{-1}: canShowBadge is false
05-27 23:52:01.824  1467  1467 D CallNotifier: updatePhoneStateListeners: update CF notifications.
05-27 23:52:01.829  1467  1467 D CallNotifier: updatePhoneStateListeners: update MW notifications.
05-27 23:52:01.829  1467  1467 D Telephony: SamsungVoiceMailMwiNotifiaction: getMwiNotificationId, notificationId: 2
05-27 23:52:01.829  1467  1467 I NotificationMgr: updateMwi(): phoneId 1, notificationId 2
05-27 23:52:01.834  1467  1467 D CallNotifier: updatePhoneStateListeners: update CF notifications.
05-27 23:52:01.836  1467  1467 D CallNotifier: updatePhoneStateListeners: update MW notifications.
05-27 23:52:01.836  1467  1467 D Telephony: SamsungVoiceMailMwiNotifiaction: getMwiNotificationId, notificationId: 3
05-27 23:52:01.836  1467  1467 I NotificationMgr: updateMwi(): phoneId 0, notificationId 3
05-27 23:52:01.840  1467  1467 D Telephony: SamsungTuiAsyncSendExtras: SamsungTuiAsyncSendExtras[onPreExecute] method: network_notification_event
05-27 23:52:01.841  1467 12315 D Telephony: SamsungTuiAsyncSendExtras: SamsungTuiAsyncSendExtras[doInBackground] method: network_notification_event
05-27 23:52:01.849  9748  9760 I InternalContentProvider: network_notification_event null
05-27 23:52:01.851  9748  9760 I CarrierUiCallFunctions: call network_notification_event null Bundle[mParcelledData.dataSize=840]
05-27 23:52:01.852  1467  1467 D Telephony: SamsungTuiAsyncSendExtras: SamsungTuiAsyncSendExtras[onPostExecute] method: network_notification_event
05-27 23:52:27.002 20907 20907 I HoneySpace.NotificationListener: invalid notification: com.android.systemui UserHandle{-1}: canShowBadge is false
05-27 23:52:47.157 20907 20907 I HoneySpace.NotificationListener: invalid notification: com.android.systemui UserHandle{-1}: canShowBadge is false
05-27 23:52:50.856  1467  1467 D Telephony: SamsungTuiAsyncSendExtras: SamsungTuiAsyncSendExtras[onPreExecute] method: network_notification_event
05-27 23:52:50.857  1467  1467 D CallNotifier: updatePhoneStateListeners: update CF notifications.
05-27 23:52:50.857  1467 12315 D Telephony: SamsungTuiAsyncSendExtras: SamsungTuiAsyncSendExtras[doInBackground] method: network_notification_event
05-27 23:52:50.860  1467  1467 D CallNotifier: updatePhoneStateListeners: update MW notifications.
05-27 23:52:50.860  1467  1467 D Telephony: SamsungVoiceMailMwiNotifiaction: getMwiNotificationId, notificationId: 2
05-27 23:52:50.860  1467  1467 I NotificationMgr: updateMwi(): phoneId 1, notificationId 2
05-27 23:52:50.865  1467  1467 D CallNotifier: updatePhoneStateListeners: update CF notifications.
05-27 23:52:50.867  9748  9760 I InternalContentProvider: network_notification_event null
05-27 23:52:50.867  9748  9760 I CarrierUiCallFunctions: call network_notification_event null Bundle[mParcelledData.dataSize=832]
05-27 23:52:50.868  1467  1467 D CallNotifier: updatePhoneStateListeners: update MW notifications.
05-27 23:52:50.868  1467  1467 D Telephony: SamsungVoiceMailMwiNotifiaction: getMwiNotificationId, notificationId: 3
05-27 23:52:50.868  1467  1467 I NotificationMgr: updateMwi(): phoneId 0, notificationId 3
05-27 23:52:50.885  1467  1467 D Telephony: SamsungTuiAsyncSendExtras: SamsungTuiAsyncSendExtras[onPostExecute] method: network_notification_event
05-27 23:53:04.054  1467  1467 D CallNotifier: updatePhoneStateListeners: update CF notifications.
05-27 23:53:04.058  1467  1467 D CallNotifier: updatePhoneStateListeners: update MW notifications.
05-27 23:53:04.059  1467  1467 D Telephony: SamsungVoiceMailMwiNotifiaction: getMwiNotificationId, notificationId: 2
05-27 23:53:04.059  1467  1467 I NotificationMgr: updateMwi(): phoneId 1, notificationId 2
05-27 23:53:04.063  1467  1467 D CallNotifier: updatePhoneStateListeners: update CF notifications.
05-27 23:53:04.066  1467  1467 D CallNotifier: updatePhoneStateListeners: update MW notifications.
05-27 23:53:04.066  1467  1467 D Telephony: SamsungVoiceMailMwiNotifiaction: getMwiNotificationId, notificationId: 3
05-27 23:53:04.066  1467  1467 I NotificationMgr: updateMwi(): phoneId 0, notificationId 3
05-27 23:53:04.073  1467  1467 D Telephony: SamsungTuiAsyncSendExtras: SamsungTuiAsyncSendExtras[onPreExecute] method: network_notification_event
05-27 23:53:04.075  1467 12315 D Telephony: SamsungTuiAsyncSendExtras: SamsungTuiAsyncSendExtras[doInBackground] method: network_notification_event
05-27 23:53:04.082  9748  9760 I InternalContentProvider: network_notification_event null
05-27 23:53:04.083  9748  9760 I CarrierUiCallFunctions: call network_notification_event null Bundle[mParcelledData.dataSize=840]
05-27 23:53:04.087  1467  1467 D Telephony: SamsungTuiAsyncSendExtras: SamsungTuiAsyncSendExtras[onPostExecute] method: network_notification_event
05-27 23:53:17.407 20907 20907 I HoneySpace.NotificationListener: invalid notification: com.android.systemui UserHandle{-1}: canShowBadge is false
05-27 23:53:37.546 20907 20907 I HoneySpace.NotificationListener: invalid notification: com.android.systemui UserHandle{-1}: canShowBadge is false
05-27 23:53:57.720 20907 20907 I HoneySpace.NotificationListener: invalid notification: com.android.systemui UserHandle{-1}: canShowBadge is false
05-27 23:54:17.929 20907 20907 I HoneySpace.NotificationListener: invalid notification: com.android.systemui UserHandle{-1}: canShowBadge is false
05-27 23:54:19.555 30664 30689 I GnpSdk  : (REDACTED) Downloading images for notification with thread ID %s, timeout: %d ms
05-27 23:54:20.192 30664 30689 I NotificationManager: com.google.android.googlequicksearchbox: notify(0, -1857037612::a:snotification:[0xe4cfb44bc776f3b8,stories.f,NOTIFICATION], Notification(channel=74 shortcut=null contentView=null vibrate=null sound=null defaults=0x0 flags=0x8 color=0x00000000 groupKey=-1857037612::SUMMARY::chime_default_group actions=2 vis=PRIVATE semFlags=0x0 semPriority=0 semMissedCount=0)) as user
05-27 23:54:20.429 20907 20907 I HoneySpace.NotificationListener: onNotificationPosted com.google.android.googlequicksearchbox: 0|com.google.android.googlequicksearchbox|0|-1857037612::a:snotification:[0xe4cfb44bc776f3b8,stories.f,NOTIFICATION]|10206: 0
05-27 23:54:20.429 20907 20907 I HoneySpace.NotificationListener: invalid notification: com.google.android.googlequicksearchbox UserHandle{0}: canShowBadge is false
05-27 23:54:20.637  1495  1495 D InterruptionStateProvider:  no Heads up : edgelighting enabled app. 0|com.google.android.googlequicksearchbox|0|-1857037612::a:snotification:[0xe4cfb44bc776f3b8,stories.f,NOTIFICATION]|10206
05-27 23:54:20.795  1495  1495 I FaceWidgetPositionAlgorithm: setup() mStatusBarHeight = 65, mDarkAmount = 1.0, mQsTopPadding = 1165, notificationStackHeight = 285, mPanelExpansion = 0.0, mHeight = 2408, mFaceWidgetContainerHeight = 508, mCurrentClockType = 1, notificationType = 0, hasVisibleNotifs = false
05-27 23:54:38.001 20907 20907 I HoneySpace.NotificationListener: invalid notification: com.android.systemui UserHandle{-1}: canShowBadge is false
05-27 23:55:18.333 20907 20907 I HoneySpace.NotificationListener: invalid notification: com.android.systemui UserHandle{-1}: canShowBadge is false
05-27 23:55:23.933  1467  1467 D CallNotifier: updatePhoneStateListeners: update CF notifications.
05-27 23:55:23.939  1467  1467 D CallNotifier: updatePhoneStateListeners: update MW notifications.
05-27 23:55:23.939  1467  1467 D Telephony: SamsungVoiceMailMwiNotifiaction: getMwiNotificationId, notificationId: 2
05-27 23:55:23.939  1467  1467 I NotificationMgr: updateMwi(): phoneId 1, notificationId 2
05-27 23:55:23.943  1467  1467 D CallNotifier: updatePhoneStateListeners: update CF notifications.
05-27 23:55:23.946  1467  1467 D CallNotifier: updatePhoneStateListeners: update MW notifications.
05-27 23:55:23.946  1467  1467 D Telephony: SamsungVoiceMailMwiNotifiaction: getMwiNotificationId, notificationId: 3
05-27 23:55:23.946  1467  1467 I NotificationMgr: updateMwi(): phoneId 0, notificationId 3
05-27 23:55:23.955  1467  1467 D Telephony: SamsungTuiAsyncSendExtras: SamsungTuiAsyncSendExtras[onPreExecute] method: network_notification_event
05-27 23:55:23.957  1467 12315 D Telephony: SamsungTuiAsyncSendExtras: SamsungTuiAsyncSendExtras[doInBackground] method: network_notification_event
05-27 23:55:23.962  9748  9760 I InternalContentProvider: network_notification_event null
05-27 23:55:23.962  9748  9760 I CarrierUiCallFunctions: call network_notification_event null Bundle[mParcelledData.dataSize=832]
05-27 23:55:23.964  1467  1467 D Telephony: SamsungTuiAsyncSendExtras: SamsungTuiAsyncSendExtras[onPostExecute] method: network_notification_event
05-27 23:55:24.836  1495  1495 I FaceWidgetPositionAlgorithm: setup() mStatusBarHeight = 65, mDarkAmount = 0.0, mQsTopPadding = 1165, notificationStackHeight = 285, mPanelExpansion = 0.0, mHeight = 2408, mFaceWidgetContainerHeight = 508, mCurrentClockType = 1, notificationType = 0, hasVisibleNotifs = false
05-27 23:55:24.906  1495  1495 D SecPanelLogger:    com.android.systemui.statusbar.notification.stack.NotificationStackScrollLayout.notifyHeightChangeListener:5
05-27 23:55:24.975  1495  1495 D SecPanelLogger:    com.android.systemui.statusbar.notification.stack.NotificationStackScrollLayout.notifyHeightChangeListener:5
05-27 23:55:25.765  1495  1495 I FaceWidgetPositionAlgorithm: setup() mStatusBarHeight = 65, mDarkAmount = 0.0, mQsTopPadding = 707, notificationStackHeight = 925, mPanelExpansion = 0.0, mHeight = 2408, mFaceWidgetContainerHeight = 508, mCurrentClockType = 1, notificationType = 0, hasVisibleNotifs = false
05-27 23:55:29.020  1495  1495 I GestureDetector: obtain mCurrentDownEvent. id: 251065064 caller: android.view.ScaleGestureDetector.onTouchEvent:275 com.android.systemui.ExpandHelper.onInterceptTouchEvent:16 com.android.systemui.statusbar.notification.stack.NotificationStackScrollLayoutController$TouchHandler.onInterceptTouchEvent:112 
05-27 23:55:29.152  1495  1495 D StackScroller: onViewRemovedInternal animationGenerated addTransientView : com.android.systemui.statusbar.notification.row.ExpandableNotificationRow{8782d2c VFE...C.. ......ID 30,0-1050,238 #7f0a03c6 app:id/expandableNotificationRow}
05-27 23:55:29.173  1072  1072 D EdgeLightingPolicyManager.NotificationGroup: group notification count : 2
05-27 23:55:29.301  1495  1495 D com.android.systemui.SwipeHelper: swiped dismiss anim end : com.android.systemui.statusbar.notification.row.ExpandableNotificationRow{8782d2c VFE...C.. ......ID 30,0-1050,238 #7f0a03c6 app:id/expandableNotificationRow}
05-27 23:55:31.238  1495  1495 I GestureDetector: obtain mCurrentDownEvent. id: 627527612 caller: android.view.ScaleGestureDetector.onTouchEvent:275 com.android.systemui.ExpandHelper.onInterceptTouchEvent:16 com.android.systemui.statusbar.notification.stack.NotificationStackScrollLayoutController$TouchHandler.onInterceptTouchEvent:112 
05-27 23:55:31.412  1495  1495 D ExpandableNotifRow: try performDismiss : 0|com.google.android.googlequicksearchbox|0|-1857037612::a:snotification:[0xe4cfb44bc776f3b8,stories.f,NOTIFICATION]|10206
05-27 23:55:31.415  1495  1495 D StackScroller: onViewRemovedInternal animationGenerated addTransientView : com.android.systemui.statusbar.notification.row.ExpandableNotificationRow{90849a1 VFE...C.. ......ID 30,0-1050,806 #7f0a03c6 app:id/expandableNotificationRow}
05-27 23:55:31.447  1072  1072 D ActivityManager: Received BROADCAST intent 0xc5607d8 Key{broadcastIntent pkg=com.google.android.googlequicksearchbox intent=act=com.google.android.libraries.notifications.SYSTEM_TRAY_EVENT cmp=com.google.android.googlequicksearchbox/com.google.android.libraries.notifications.entrypoints.systemtray.SystemTrayBroadcastReceiver flags=0x4000000 u=0} requestCode=1895864744 sent=0 from uid 1000
05-27 23:55:31.448  1072  1072 D EdgeLightingPolicyManager:NotificationGroup: remove : sbn : StatusBarNotification(pkg=com.google.android.googlequicksearchbox user=UserHandle{0} id=0 tag=-1857037612::a:snotification:[0xe4cfb44bc776f3b8,stories.f,NOTIFICATION] key=0|com.google.android.googlequicksearchbox|0|-1857037612::a:snotification:[0xe4cfb44bc776f3b8,stories.f,NOTIFICATION]|10206: Notification(channel=74 shortcut=null contentView=null vibrate=null sound=null defaults=0x0 flags=0x8 color=0x00000000 groupKey=-1857037612::SUMMARY::chime_default_group actions=2 vis=PRIVATE semFlags=0x0 semPriority=0 semMissedCount=0))
05-27 23:55:31.448  1072  1072 D EdgeLightingPolicyManager.NotificationGroup: group notification count : 2
05-27 23:55:31.449  1072  1072 D NotificationService: CancelNotificationRunnable end r = 0|com.google.android.googlequicksearchbox|0|-1857037612::a:snotification:[0xe4cfb44bc776f3b8,stories.f,NOTIFICATION]|10206, reason = 2
05-27 23:55:31.465 20907 20907 I HoneySpace.NotificationListener: onNotificationRemoved com.google.android.googlequicksearchbox: 0|com.google.android.googlequicksearchbox|0|-1857037612::a:snotification:[0xe4cfb44bc776f3b8,stories.f,NOTIFICATION]|10206: 0
05-27 23:55:31.599  1495  1495 D com.android.systemui.SwipeHelper: swiped dismiss anim end : com.android.systemui.statusbar.notification.row.ExpandableNotificationRow{90849a1 VFE...C.. ......ID 30,0-1050,806 #7f0a03c6 app:id/expandableNotificationRow}
05-27 23:55:31.965  1495  1495 I GestureDetector: obtain mCurrentDownEvent. id: 787283876 caller: android.view.ScaleGestureDetector.onTouchEvent:275 com.android.systemui.ExpandHelper.onInterceptTouchEvent:16 com.android.systemui.statusbar.notification.stack.NotificationStackScrollLayoutController$TouchHandler.onInterceptTouchEvent:112 
05-27 23:55:31.966  1495  1495 I GestureDetector: obtain mCurrentDownEvent. id: 787283876 caller: android.view.ScaleGestureDetector.onTouchEvent:275 com.android.systemui.ExpandHelper.onTouchEvent:20 com.android.systemui.statusbar.notification.stack.NotificationStackScrollLayoutController$TouchHandler.onTouchEvent:104 
05-27 23:55:39.618  1467  1467 D CallNotifier: updatePhoneStateListeners: update CF notifications.
05-27 23:55:39.628  1467  1467 D CallNotifier: updatePhoneStateListeners: update MW notifications.
05-27 23:55:39.628  1467  1467 D Telephony: SamsungVoiceMailMwiNotifiaction: getMwiNotificationId, notificationId: 2
05-27 23:55:39.628  1467  1467 I NotificationMgr: updateMwi(): phoneId 1, notificationId 2
05-27 23:55:39.640  1467  1467 D CallNotifier: updatePhoneStateListeners: update CF notifications.
05-27 23:55:39.671  1467  1467 D CallNotifier: updatePhoneStateListeners: update MW notifications.
05-27 23:55:39.672  1467  1467 D Telephony: SamsungVoiceMailMwiNotifiaction: getMwiNotificationId, notificationId: 3
05-27 23:55:39.672  1467  1467 I NotificationMgr: updateMwi(): phoneId 0, notificationId 3
05-27 23:55:39.698  1467  1467 D Telephony: SamsungTuiAsyncSendExtras: SamsungTuiAsyncSendExtras[onPreExecute] method: network_notification_event
05-27 23:55:39.700  1467 12315 D Telephony: SamsungTuiAsyncSendExtras: SamsungTuiAsyncSendExtras[doInBackground] method: network_notification_event
05-27 23:55:39.704  9748  9760 I InternalContentProvider: network_notification_event null
05-27 23:55:39.705  9748  9760 I CarrierUiCallFunctions: call network_notification_event null Bundle[mParcelledData.dataSize=840]
05-27 23:55:39.706  1467  1467 D Telephony: SamsungTuiAsyncSendExtras: SamsungTuiAsyncSendExtras[onPostExecute] method: network_notification_event
05-27 23:55:48.517 20907 20907 I HoneySpace.NotificationListener: invalid notification: com.android.systemui UserHandle{-1}: canShowBadge is false
05-27 23:56:28.829 20907 20907 I HoneySpace.NotificationListener: invalid notification: com.android.systemui UserHandle{-1}: canShowBadge is false
05-27 23:56:52.488  1495  1495 I FaceWidgetPositionAlgorithm: setup() mStatusBarHeight = 65, mDarkAmount = 1.0, mQsTopPadding = 1165, notificationStackHeight = 84, mPanelExpansion = 0.0, mHeight = 2408, mFaceWidgetContainerHeight = 508, mCurrentClockType = 1, notificationType = 0, hasVisibleNotifs = false
05-27 23:56:52.491  1495  1495 W View    : requestLayout() improperly called by com.android.systemui.shade.NotificationsQuickSettingsContainer{ddfcedb V.E...... ......ID 0,0-1080,2408 #7f0a0747 app:id/notification_container_parent} during layout: running second layout pass
05-27 23:56:52.491  1495  1495 W View    : requestLayout() improperly called by com.android.systemui.statusbar.notification.stack.NotificationStackScrollLayout{9f6a043 I.E...... ......ID 0,0-1080,2273 #7f0a0757 app:id/notification_stack_scroller} during layout: running second layout pass
05-27 23:56:52.542  1495  1495 W View    : requestLayout() improperly called by com.android.systemui.shade.NotificationsQuickSettingsContainer{ddfcedb V.E...... ......ID 0,0-1080,2408 #7f0a0747 app:id/notification_container_parent} during second layout pass: posting in next frame
05-27 23:56:52.543  1495  1495 W View    : requestLayout() improperly called by com.android.systemui.statusbar.notification.stack.NotificationStackScrollLayout{9f6a043 I.E...... ......ID 0,0-1080,2273 #7f0a0757 app:id/notification_stack_scroller} during second layout pass: posting in next frame
05-27 23:56:59.049 20907 20907 I HoneySpace.NotificationListener: invalid notification: com.android.systemui UserHandle{-1}: canShowBadge is false
05-27 23:57:29.273 20907 20907 I HoneySpace.NotificationListener: invalid notification: com.android.systemui UserHandle{-1}: canShowBadge is false
05-27 23:57:49.448 20907 20907 I HoneySpace.NotificationListener: invalid notification: com.android.systemui UserHandle{-1}: canShowBadge is false
05-27 23:58:19.695 20907 20907 I HoneySpace.NotificationListener: invalid notification: com.android.systemui UserHandle{-1}: canShowBadge is false
05-27 23:58:39.851 20907 20907 I HoneySpace.NotificationListener: invalid notification: com.android.systemui UserHandle{-1}: canShowBadge is false
05-27 23:59:00.013 20907 20907 I HoneySpace.NotificationListener: invalid notification: com.android.systemui UserHandle{-1}: canShowBadge is false
05-27 23:59:30.190 20907 20907 I HoneySpace.NotificationListener: invalid notification: com.android.systemui UserHandle{-1}: canShowBadge is false
05-27 23:59:49.162  1495  1495 I FaceWidgetPositionAlgorithm: setup() mStatusBarHeight = 65, mDarkAmount = 0.0, mQsTopPadding = 1165, notificationStackHeight = 84, mPanelExpansion = 0.0, mHeight = 2408, mFaceWidgetContainerHeight = 508, mCurrentClockType = 1, notificationType = 0, hasVisibleNotifs = false
