05-27 23:19:18.254  1072  1096 D KNOX_MDM_SettingsProvider: isChangeAllowed() : name = enabled_notification_listeners
05-27 23:19:26.273  1072  1096 D KNOX_MDM_SettingsProvider: isChangeAllowed() : name = enabled_notification_listeners
05-27 23:24:17.347  1072  1096 D KNOX_MDM_SettingsProvider: isChangeAllowed() : name = enabled_notification_listeners
05-27 23:27:38.791  1072  1096 W NotifHistoryProto: notification package name (com.android.systemui) not found in string cache
05-27 23:27:38.792  1072  1096 W NotifHistoryProto: notification package name (com.android.systemui) not found in string cache
05-27 23:27:38.792  1072  1096 W NotifHistoryProto: notification package name (com.android.systemui) not found in string cache
05-27 23:27:38.792  1072  1096 W NotifHistoryProto: notification package name (com.android.systemui) not found in string cache
05-27 23:27:38.792  1072  1096 W NotifHistoryProto: notification package name (com.android.systemui) not found in string cache
05-27 23:27:38.792  1072  1096 W NotifHistoryProto: notification package name (com.android.systemui) not found in string cache
05-27 23:27:38.792  1072  1096 W NotifHistoryProto: notification package name (com.android.systemui) not found in string cache
05-27 23:27:38.792  1072  1096 W NotifHistoryProto: notification package name (com.linkedin.android) not found in string cache
05-27 23:27:38.793  1072  1096 W NotifHistoryProto: notification package name (android) not found in string cache
05-27 23:27:38.793  1072  1096 W NotifHistoryProto: notification package name (com.microsoft.appmanager) not found in string cache
05-27 23:28:57.637  1072  1072 D EdgeLightingPolicyManager.NotificationGroup: group notification count : 2
05-27 23:29:00.738 29313  7103 I NotificationManager: , Notification(channel=silent_notifications_3 shortcut=120363403943160799@g.us contentView=null vibrate=null sound=null defaults=0x0 flags=0x8 color=0xff21c063 groupKey=group_key_messages sortKey=1 actions=3 vis=PRIVATE publicVersion=Notification(channel=null shortcut=null contentView=null vibrate=null sound=null defaults=0x0 flags=0x0 color=0xff21c063 category=msg vis=PRIVATE semFlags=0x0 semPriority=0 semMissedCount=0) semFlags=0x0 semPriority=0 semMissedCount=0)) as user
05-27 23:29:00.757 29313  7103 I NotificationManager: com.whatsapp: notify(1, null, Notification(channel=silent_notifications_3 shortcut=120363403943160799@g.us contentView=null vibrate=null sound=null tick defaults=0x0 flags=0x200 color=0xff21c063 category=msg groupKey=group_key_messages vis=PRIVATE publicVersion=Notification(channel=null shortcut=null contentView=null vibrate=null sound=null defaults=0x0 flags=0x0 color=0xff21c063 category=msg vis=PRIVATE semFlags=0x0 semPriority=0 semMissedCount=0) semFlags=0x0 semPriority=0 semMissedCount=0)) as user
05-27 23:29:16.107  1072  1072 D EdgeLightingPolicyManager:NotificationGroup: remove : sbn : StatusBarNotification(pkg=com.whatsapp user=UserHandle{0} id=1 tag=null key=0|com.whatsapp|1|null|10292: Notification(channel=silent_notifications_3 shortcut=120363403943160799@g.us contentView=null vibrate=null sound=null tick defaults=0x0 flags=0x200 color=0xff21c063 category=msg groupKey=group_key_messages vis=PRIVATE publicVersion=Notification(channel=null shortcut=null contentView=null vibrate=null sound=null defaults=0x0 flags=0x0 color=0xff21c063 category=msg vis=PRIVATE semFlags=0x0 semPriority=0 semMissedCount=0) semFlags=0x0 semPriority=0 semMissedCount=0))
05-27 23:29:16.107  1072  1072 D EdgeLightingPolicyManager.NotificationGroup: group notification count : 2
05-27 23:29:16.114  1072  1072 D EdgeLightingPolicyManager:NotificationGroup: |10292: Notification(channel=silent_notifications_3 shortcut=120363403943160799@g.us contentView=null vibrate=null sound=null defaults=0x0 flags=0x8 color=0xff21c063 groupKey=group_key_messages sortKey=1 actions=3 vis=PRIVATE publicVersion=Notification(channel=null shortcut=null contentView=null vibrate=null sound=null defaults=0x0 flags=0x0 color=0xff21c063 category=msg vis=PRIVATE semFlags=0x0 semPriority=0 semMissedCount=0) semFlags=0x0 semPriority=0 semMissedCount=0))
05-27 23:29:16.114  1072  1072 D EdgeLightingPolicyManager.NotificationGroup: group notification count : 2
05-27 23:29:52.056  1072  1104 I ActivityManager: Start proc 12932:com.samsung.android.app.routines:RoutineUIProcess/u0a60 for service {com.samsung.android.app.routines/com.samsung.android.app.routines.domainmodel.notification.NotificationUpdateService}
05-27 23:29:53.172  1072  1096 D KNOX_MDM_SettingsProvider: isChangeAllowed() : name = enabled_notification_listeners
05-27 23:30:07.132  1072  1103 I ActivityManager: Waited long enough for: ServiceRecord{e9e470d u0 com.samsung.android.app.routines/.domainmodel.notification.NotificationUpdateService}
05-27 23:34:00.016  1072  1216 D ActivityManager: Received BROADCAST intent 0xb8f0291 Key{broadcastIntent pkg=com.example.to_do_list intent=cmp=com.example.to_do_list/com.dexterous.flutterlocalnotifications.ScheduledNotificationReceiver flags=0x4000000 u=0} requestCode=106028066 sent=0 from uid 1000
05-27 23:34:21.722  1072  1072 D ActivityManager: Received BROADCAST intent 0x8e4e1ac Key{broadcastIntent pkg=com.linkedin.android intent=pkg=com.linkedin.android cmp=com.linkedin.android/.l2m.notification.DismissNotificationReceiver flags=0x4000000 u=0} requestCode=-1 sent=0 from uid 1000
05-27 23:34:21.723  1072  1072 D EdgeLightingPolicyManager.NotificationGroup: group notification count : 2
05-27 23:34:22.218  1072  1072 D EdgeLightingPolicyManager:NotificationGroup: remove : sbn : StatusBarNotification(pkg=com.microsoft.appmanager user=UserHandle{0} id=101 tag=null key=0|com.microsoft.appmanager|101|null|10323: Notification(channel=com.mi... shortcut=null contentView=null vibrate=null sound=null tick defaults=0x0 flags=0x62 color=0xff0078d7 groupKey=foreground_notification_group actions=2 vis=PRIVATE semFlags=0x0 semPriority=0 semMissedCount=0))
05-27 23:34:22.218  1072  1072 D EdgeLightingPolicyManager.NotificationGroup: group notification count : 2
05-27 23:34:45.314  1072  1072 W LoadedApk: Slow system_server main thread handled for android.app.action.NEXT_ALARM_CLOCK_CHANGED took 152 ms, Receiver = com.android.server.notification.ScheduleConditionProvider$1@131ee42
05-27 23:34:45.630  1072  1096 D KNOX_MDM_SettingsProvider: isChangeAllowed() : name = enabled_notification_listeners
05-27 23:35:00.004  1072  1216 D ActivityManager: Received BROADCAST intent 0xb8f0291 Key{broadcastIntent pkg=com.example.to_do_list intent=cmp=com.example.to_do_list/com.dexterous.flutterlocalnotifications.ScheduledNotificationReceiver flags=0x4000000 u=0} requestCode=106028066 sent=0 from uid 1000
05-27 23:38:57.756  1072  1096 D KNOX_MDM_SettingsProvider: isChangeAllowed() : name = enabled_notification_listeners
05-27 23:38:59.884  1072  1072 D EdgeLightingPolicyManager.NotificationGroup: group notification count : 3
05-27 23:38:59.986  1072  1072 W Looper  : Slow dispatch took 128ms main h=com.android.server.notification.NotificationManagerService$WorkerHandler c=com.android.server.notification.NotificationManagerService$PostNotificationRunnable@aae61ec m=0
05-27 23:38:59.989  1072  1072 D EdgeLightingPolicyManager.NotificationGroup: group notification count : 3
05-27 23:39:00.004  1072  1072 D NotificationService: Changed notification by edgelighting.
05-27 23:39:00.819  1072  1072 D EdgeLightingPolicyManager.NotificationGroup: group notification count : 3
05-27 23:39:00.820  1072  1072 I EdgeLightingManager: showForNotificationScreenOn Alert once notification. sbn: StatusBarNotification(pkg=com.whatsapp user=UserHandle{0} id=1 tag=FScKgdLZOYp10vKIlJpnylaH09vjT/phb7WwlFCSuNo=
05-27 23:39:00.856  1072  1072 D NotificationService: Changed notification by edgelighting.
05-27 23:39:00.888  1072  1072 D NotificationService: removeFlagFromNotificationLocked pkg = com.whatsapp notificationId = 11, flag = 64
05-27 23:39:06.245  1072  1072 D EdgeLightingPolicyManager.NotificationGroup: group notification count : 3
05-27 23:39:06.245  1072  1072 I EdgeLightingManager: showForNotificationScreenOn Alert once notification. sbn: StatusBarNotification(pkg=com.whatsapp user=UserHandle{0} id=1 tag=FScKgdLZOYp10vKIlJpnylaH09vjT/phb7WwlFCSuNo=
05-27 23:39:06.277  1072  1072 D NotificationService: Changed notification by edgelighting.
05-27 23:39:11.214  1072  1072 D EdgeLightingPolicyManager.NotificationGroup: group notification count : 3
05-27 23:39:11.214  1072  1072 I EdgeLightingManager: showForNotificationScreenOn Alert once notification. sbn: StatusBarNotification(pkg=com.whatsapp user=UserHandle{0} id=1 tag=FScKgdLZOYp10vKIlJpnylaH09vjT/phb7WwlFCSuNo=
05-27 23:39:11.254  1072  1072 D NotificationService: Changed notification by edgelighting.
05-27 23:39:26.950  1072  1072 D EdgeLightingPolicyManager.NotificationGroup: group notification count : 3
05-27 23:39:26.950  1072  1072 I EdgeLightingManager: showForNotificationScreenOn Alert once notification. sbn: StatusBarNotification(pkg=com.whatsapp user=UserHandle{0} id=1 tag=FScKgdLZOYp10vKIlJpnylaH09vjT/phb7WwlFCSuNo=
05-27 23:39:26.964  1072  1072 D NotificationService: Changed notification by edgelighting.
05-27 23:42:22.681 20907 20907 I HoneySpace.NotificationListener: invalid notification: com.android.systemui UserHandle{-1}: canShowBadge is false
05-27 23:42:26.392  1072  1072 D EdgeLightingPolicyManager.NotificationGroup: group notification count : 3
05-27 23:42:26.421 20907 20907 I HoneySpace.BadgeDataSourceImpl: Get notification count. PackageKey(packageName=com.whatsapp, user=UserHandle{0}) - forceBadgeCount: false, notification listener: 1, badge provider: 5
05-27 23:42:26.440 20907 18807 I HoneySpace.BadgeDataSourceImpl: Get notification count. PackageKey(packageName=com.whatsapp, user=UserHandle{0}) - forceBadgeCount: false, notification listener: 1, badge provider: 0
05-27 23:43:02.997 20907 20907 I HoneySpace.NotificationListener: invalid notification: com.android.systemui UserHandle{-1}: canShowBadge is false
05-27 23:43:19.451  1495  1495 I FaceWidgetPositionAlgorithm: setup() mStatusBarHeight = 65, mDarkAmount = 1.0, mQsTopPadding = 1165, notificationStackHeight = 178, mPanelExpansion = 0.0, mHeight = 2408, mFaceWidgetContainerHeight = 508, mCurrentClockType = 1, notificationType = 0, hasVisibleNotifs = false
05-27 23:43:19.454  1495  1495 W View    : requestLayout() improperly called by com.android.systemui.shade.NotificationsQuickSettingsContainer{ddfcedb V.E...... ......ID 0,0-1080,2408 #7f0a0747 app:id/notification_container_parent} during layout: running second layout pass
05-27 23:43:19.559  1495  1495 W View    : requestLayout() improperly called by com.android.systemui.shade.NotificationsQuickSettingsContainer{ddfcedb V.E...... .......D 0,0-1080,2408 #7f0a0747 app:id/notification_container_parent} during second layout pass: posting in next frame
05-27 23:43:19.560  1495  1495 W View    : requestLayout() improperly called by com.android.systemui.statusbar.notification.stack.NotificationStackScrollLayout{9f6a043 I.E...... ......ID 0,0-1080,2273 #7f0a0757 app:id/notification_stack_scroller} during second layout pass: posting in next frame
05-27 23:43:33.277 20907 20907 I HoneySpace.NotificationListener: invalid notification: com.android.systemui UserHandle{-1}: canShowBadge is false
05-27 23:43:39.474  1495  1495 I FaceWidgetPositionAlgorithm: setup() mStatusBarHeight = 65, mDarkAmount = 0.0, mQsTopPadding = 1165, notificationStackHeight = 178, mPanelExpansion = 0.0, mHeight = 2408, mFaceWidgetContainerHeight = 508, mCurrentClockType = 1, notificationType = 0, hasVisibleNotifs = false
05-27 23:43:39.481  1495  1495 D SecPanelLogger:    com.android.systemui.statusbar.notification.stack.NotificationStackScrollLayout.notifyHeightChangeListener:5
05-27 23:43:39.647  1495  1495 D SecPanelLogger:    com.android.systemui.statusbar.notification.stack.NotificationStackScrollLayout.notifyHeightChangeListener:5
05-27 23:43:40.087  1495  1495 I FaceWidgetPositionAlgorithm: setup() mStatusBarHeight = 65, mDarkAmount = 0.0, mQsTopPadding = 707, notificationStackHeight = 738, mPanelExpansion = 0.0, mHeight = 2408, mFaceWidgetContainerHeight = 508, mCurrentClockType = 1, notificationType = 0, hasVisibleNotifs = false
05-27 23:43:41.659  1495  1495 I GestureDetector: obtain mCurrentDownEvent. id: 887045894 caller: android.view.ScaleGestureDetector.onTouchEvent:275 com.android.systemui.ExpandHelper.onInterceptTouchEvent:16 com.android.systemui.statusbar.notification.stack.NotificationStackScrollLayoutController$TouchHandler.onInterceptTouchEvent:112 
05-27 23:43:41.726  1495  1495 D SecPanelLogger:    com.android.systemui.statusbar.notification.stack.NotificationStackScrollLayout.notifyHeightChangeListener:5
05-27 23:43:41.726  1495  1495 D SecPanelLogger:    com.android.systemui.statusbar.notification.stack.NotificationStackScrollLayout.onChildHeightChanged:122
05-27 23:43:41.726  1495  1495 D SecPanelLogger:    com.android.systemui.statusbar.notification.stack.NotificationStackScrollLayout$8.onHeightChanged:3
05-27 23:43:41.739  1495  1495 D SecPanelLogger:    com.android.systemui.statusbar.notification.stack.NotificationStackScrollLayout.notifyHeightChangeListener:5
05-27 23:43:41.739  1495  1495 D SecPanelLogger:    com.android.systemui.statusbar.notification.stack.NotificationStackScrollLayout.onChildHeightChanged:122
05-27 23:43:41.739  1495  1495 D SecPanelLogger:    com.android.systemui.statusbar.notification.stack.NotificationStackScrollLayout$8.onHeightChanged:3
05-27 23:43:41.751  1495  1495 D SecPanelLogger:    com.android.systemui.statusbar.notification.stack.NotificationStackScrollLayout.notifyHeightChangeListener:5
05-27 23:43:41.751  1495  1495 D SecPanelLogger:    com.android.systemui.statusbar.notification.stack.NotificationStackScrollLayout.onChildHeightChanged:122
05-27 23:43:41.751  1495  1495 D SecPanelLogger:    com.android.systemui.statusbar.notification.stack.NotificationStackScrollLayout$8.onHeightChanged:3
05-27 23:43:41.761  1495  1495 D SecPanelLogger:    com.android.systemui.statusbar.notification.stack.NotificationStackScrollLayout.notifyHeightChangeListener:5
05-27 23:43:41.761  1495  1495 D SecPanelLogger:    com.android.systemui.statusbar.notification.stack.NotificationStackScrollLayout.onChildHeightChanged:122
05-27 23:43:41.761  1495  1495 D SecPanelLogger:    com.android.systemui.statusbar.notification.stack.NotificationStackScrollLayout$8.onHeightChanged:3
05-27 23:43:41.782  1495  1495 D SecPanelLogger:    com.android.systemui.statusbar.notification.stack.NotificationStackScrollLayout.notifyHeightChangeListener:5
05-27 23:43:41.797  1495  1495 D SecPanelLogger:    com.android.systemui.statusbar.notification.stack.NotificationStackScrollLayout.notifyHeightChangeListener:5
05-27 23:43:41.809  1495  1495 D SecPanelLogger:    com.android.systemui.statusbar.notification.stack.NotificationStackScrollLayout.notifyHeightChangeListener:5
05-27 23:43:41.821  1495  1495 D SecPanelLogger:    com.android.systemui.statusbar.notification.stack.NotificationStackScrollLayout.notifyHeightChangeListener:5
05-27 23:43:41.852  1495  1495 D SecPanelLogger:    com.android.systemui.statusbar.notification.stack.NotificationStackScrollLayout.notifyHeightChangeListener:5
05-27 23:43:41.871  1495  1495 D SecPanelLogger:    com.android.systemui.statusbar.notification.stack.NotificationStackScrollLayout.notifyHeightChangeListener:5
05-27 23:43:41.896  1495  1495 D SecPanelLogger:    com.android.systemui.statusbar.notification.stack.NotificationStackScrollLayout.notifyHeightChangeListener:5
05-27 23:43:41.906  1495  1495 D SecPanelLogger:    com.android.systemui.statusbar.notification.stack.NotificationStackScrollLayout.notifyHeightChangeListener:5
05-27 23:43:41.916  1495  1495 D SecPanelLogger:    com.android.systemui.statusbar.notification.stack.NotificationStackScrollLayout.notifyHeightChangeListener:5
05-27 23:43:41.928  1495  1495 D SecPanelLogger:    com.android.systemui.statusbar.notification.stack.NotificationStackScrollLayout.notifyHeightChangeListener:5
05-27 23:43:41.940  1495  1495 D SecPanelLogger:    com.android.systemui.statusbar.notification.stack.NotificationStackScrollLayout.notifyHeightChangeListener:5
05-27 23:43:41.950  1495  1495 D SecPanelLogger:    com.android.systemui.statusbar.notification.stack.NotificationStackScrollLayout.notifyHeightChangeListener:5
05-27 23:43:41.960  1495  1495 D SecPanelLogger:    com.android.systemui.statusbar.notification.stack.NotificationStackScrollLayout.notifyHeightChangeListener:5
05-27 23:43:41.972  1495  1495 D SecPanelLogger:    com.android.systemui.statusbar.notification.stack.NotificationStackScrollLayout.notifyHeightChangeListener:5
05-27 23:43:41.985  1495  1495 D SecPanelLogger:    com.android.systemui.statusbar.notification.stack.NotificationStackScrollLayout.notifyHeightChangeListener:5
05-27 23:43:41.997  1495  1495 D SecPanelLogger:    com.android.systemui.statusbar.notification.stack.NotificationStackScrollLayout.notifyHeightChangeListener:5
05-27 23:43:42.006  1495  1495 D SecPanelLogger:    com.android.systemui.statusbar.notification.stack.NotificationStackScrollLayout.notifyHeightChangeListener:5
05-27 23:43:42.017  1495  1495 D SecPanelLogger:    com.android.systemui.statusbar.notification.stack.NotificationStackScrollLayout.notifyHeightChangeListener:5
05-27 23:43:42.038  1495  1495 D SecPanelLogger:    com.android.systemui.statusbar.notification.stack.NotificationStackScrollLayout.notifyHeightChangeListener:5
05-27 23:43:42.050  1495  1495 D SecPanelLogger:    com.android.systemui.statusbar.notification.stack.NotificationStackScrollLayout.notifyHeightChangeListener:5
05-27 23:43:42.071  1495  1495 D SecPanelLogger:    com.android.systemui.statusbar.notification.stack.NotificationStackScrollLayout.notifyHeightChangeListener:5
05-27 23:43:42.106  1495  1495 D SecPanelLogger:    com.android.systemui.statusbar.notification.stack.NotificationStackScrollLayout.notifyHeightChangeListener:5
05-27 23:43:42.271  1495  1495 I GestureDetector: obtain mCurrentDownEvent. id: 893207598 caller: android.view.ScaleGestureDetector.onTouchEvent:275 com.android.systemui.ExpandHelper.onInterceptTouchEvent:16 com.android.systemui.statusbar.notification.stack.NotificationStackScrollLayoutController$TouchHandler.onInterceptTouchEvent:112 
05-27 23:43:42.571  1072  1072 W Looper  : Slow dispatch took 142ms main h=com.android.server.notification.NotificationManagerService$WorkerHandler c=com.android.server.notification.NotificationManagerService$CancelNotificationRunnable@3d7c4fb m=0
05-27 23:43:42.814  1072  1072 D EdgeLightingPolicyManager.NotificationGroup: group notification count : 2
05-27 23:43:42.817  1072  1072 D EdgeLightingPolicyManager.NotificationGroup: group notification count : 2
05-27 23:44:03.484 20907 20907 I HoneySpace.NotificationListener: invalid notification: com.android.systemui UserHandle{-1}: canShowBadge is false
05-27 23:44:33.706 20907 20907 I HoneySpace.NotificationListener: invalid notification: com.android.systemui UserHandle{-1}: canShowBadge is false
05-27 23:44:34.940  1495  1495 I GestureDetector: obtain mCurrentDownEvent. id: 1674636250 caller: android.view.ScaleGestureDetector.onTouchEvent:275 com.android.systemui.ExpandHelper.onInterceptTouchEvent:16 com.android.systemui.statusbar.notification.stack.NotificationStackScrollLayoutController$TouchHandler.onInterceptTouchEvent:112 
05-27 23:45:13.977 20907 20907 I HoneySpace.NotificationListener: invalid notification: com.android.systemui UserHandle{-1}: canShowBadge is false
05-27 23:45:26.490  1467  1467 D CallNotifier: updatePhoneStateListeners: update CF notifications.
05-27 23:45:26.511  1467  1467 D CallNotifier: updatePhoneStateListeners: update MW notifications.
05-27 23:45:26.511  1467  1467 D Telephony: SamsungVoiceMailMwiNotifiaction: getMwiNotificationId, notificationId: 2
05-27 23:45:26.511  1467  1467 I NotificationMgr: updateMwi(): phoneId 1, notificationId 2
05-27 23:45:26.519  1467  1467 D CallNotifier: updatePhoneStateListeners: update CF notifications.
05-27 23:45:26.527  1467  1467 D CallNotifier: updatePhoneStateListeners: update MW notifications.
05-27 23:45:26.527  1467  1467 D Telephony: SamsungVoiceMailMwiNotifiaction: getMwiNotificationId, notificationId: 3
05-27 23:45:26.527  1467  1467 I NotificationMgr: updateMwi(): phoneId 0, notificationId 3
05-27 23:45:26.545  1467  1467 D Telephony: SamsungTuiAsyncSendExtras: SamsungTuiAsyncSendExtras[onPreExecute] method: network_notification_event
05-27 23:45:26.545  1467 12315 D Telephony: SamsungTuiAsyncSendExtras: SamsungTuiAsyncSendExtras[doInBackground] method: network_notification_event
05-27 23:45:26.554  9748 17599 I InternalContentProvider: network_notification_event null
05-27 23:45:26.555  9748 17599 I CarrierUiCallFunctions: call network_notification_event null Bundle[mParcelledData.dataSize=832]
05-27 23:45:26.606  1467  1467 D Telephony: SamsungTuiAsyncSendExtras: SamsungTuiAsyncSendExtras[onPostExecute] method: network_notification_event
05-27 23:45:36.225  1495  1495 I FaceWidgetPositionAlgorithm: setup() mStatusBarHeight = 65, mDarkAmount = 1.0, mQsTopPadding = 1165, notificationStackHeight = 84, mPanelExpansion = 0.0, mHeight = 2408, mFaceWidgetContainerHeight = 508, mCurrentClockType = 1, notificationType = 0, hasVisibleNotifs = false
05-27 23:45:36.229  1495  1495 W View    : requestLayout() improperly called by com.android.systemui.shade.NotificationsQuickSettingsContainer{ddfcedb V.E...... ......ID 0,0-1080,2408 #7f0a0747 app:id/notification_container_parent} during layout: running second layout pass
05-27 23:45:36.229  1495  1495 W View    : requestLayout() improperly called by com.android.systemui.statusbar.notification.stack.NotificationStackScrollLayout{9f6a043 I.E...... ......ID 0,0-1080,2273 #7f0a0757 app:id/notification_stack_scroller} during layout: running second layout pass
05-27 23:45:36.293  1495  1495 W View    : requestLayout() improperly called by com.android.systemui.shade.NotificationsQuickSettingsContainer{ddfcedb V.E...... ......ID 0,0-1080,2408 #7f0a0747 app:id/notification_container_parent} during second layout pass: posting in next frame
05-27 23:45:36.293  1495  1495 W View    : requestLayout() improperly called by com.android.systemui.statusbar.notification.stack.NotificationStackScrollLayout{9f6a043 I.E...... ......ID 0,0-1080,2273 #7f0a0757 app:id/notification_stack_scroller} during second layout pass: posting in next frame
05-27 23:45:38.032  1072  1072 D FlashNotifController: Flash notification is disabled
05-27 23:45:38.039  1072  1072 D MotionRecognitionService:   .registerCallback : 1, required_sensors=3, client=com.android.server.notification.EasyMuteController$1@9237d40
05-27 23:45:38.040  1072  1072 V MotionRecognitionManager:   .registerListener : success. listener count = 0->1, motion_events=1, name :com.android.server.notification.EasyMuteController$1@9237d40
05-27 23:45:38.062   862 29480 V MediaPlayerService: setDataSource fd=19 (/data/system_de/0/ringtones/notification_sound_cache), offset=0, length=576460752303423487
05-27 23:45:38.062 20907 20907 I HoneySpace.BadgeDataSourceImpl: Get notification count. PackageKey(packageName=com.whatsapp, user=UserHandle{0}) - forceBadgeCount: false, notification listener: 1, badge provider: 1
05-27 23:45:38.067 20907 20907 I HoneySpace.NotificationListener: invalid notification: com.whatsapp UserHandle{0}: isGroup=true, isMissing=false
05-27 23:45:38.067 20907 20907 I HoneySpace.BadgeDataSourceImpl: Get notification count. PackageKey(packageName=com.whatsapp, user=UserHandle{0}) - forceBadgeCount: false, notification listener: 1, badge provider: 1
05-27 23:45:38.615  1495  1495 I FaceWidgetPositionAlgorithm: setup() mStatusBarHeight = 65, mDarkAmount = 1.0, mQsTopPadding = 1165, notificationStackHeight = 0, mPanelExpansion = 0.0, mHeight = 2408, mFaceWidgetContainerHeight = 508, mCurrentClockType = 1, notificationType = 0, hasVisibleNotifs = false
05-27 23:45:38.624  1495  1495 D SecPanelLogger:    com.android.systemui.statusbar.notification.stack.NotificationStackScrollLayout.notifyHeightChangeListener:5
05-27 23:45:38.624  1495  1495 D SecPanelLogger:    com.android.systemui.statusbar.notification.stack.NotificationStackScrollLayout.onChildHeightChanged:122
05-27 23:45:38.624  1495  1495 D SecPanelLogger:    com.android.systemui.statusbar.notification.stack.NotificationStackScrollLayout$8.onHeightChanged:3
05-27 23:45:38.637  1495  1495 I FaceWidgetPositionAlgorithm: setup() mStatusBarHeight = 65, mDarkAmount = 1.0, mQsTopPadding = 1165, notificationStackHeight = 178, mPanelExpansion = 0.0, mHeight = 2408, mFaceWidgetContainerHeight = 508, mCurrentClockType = 1, notificationType = 0, hasVisibleNotifs = false
05-27 23:45:38.687 20907 25345 I HoneySpace.BadgeDataSourceImpl: Get notification count. PackageKey(packageName=com.whatsapp, user=UserHandle{0}) - forceBadgeCount: false, notification listener: 1, badge provider: 2
05-27 23:45:38.719   702  1078 D AudioFlinger: Client defaulted notificationFrames to 7350 for frameCount 22050
05-27 23:45:38.870 20907 20907 I HoneySpace.BadgeDataSourceImpl: Get notification count. PackageKey(packageName=com.whatsapp, user=UserHandle{0}) - forceBadgeCount: false, notification listener: 2, badge provider: 2
05-27 23:45:38.877 20907 20907 I HoneySpace.NotificationListener: invalid notification: com.whatsapp UserHandle{0}: isGroup=true, isMissing=false
05-27 23:45:38.877 20907 20907 I HoneySpace.BadgeDataSourceImpl: Get notification count. PackageKey(packageName=com.whatsapp, user=UserHandle{0}) - forceBadgeCount: false, notification listener: 2, badge provider: 2
05-27 23:45:39.717  1072  1072 D NotificationService: removeFlagFromNotificationLocked pkg = com.whatsapp notificationId = 11, flag = 64
05-27 23:45:41.208  1072  1090 D MotionRecognitionManager: @ member 0 = com.android.server.notification.EasyMuteController$1@9237d40
05-27 23:45:41.208  1072  1090 D MotionRecognitionService:   .unregisterCallback : 0, client=com.android.server.notification.EasyMuteController$1@9237d40
05-27 23:45:41.213  1072  1090 I MotionRecognitionManager:   .unregisterListener : / listener count = 1->0, name :com.android.server.notification.EasyMuteController$1@9237d40
05-27 23:45:44.124 20907 20907 I HoneySpace.NotificationListener: invalid notification: com.android.systemui UserHandle{-1}: canShowBadge is false
05-27 23:45:45.990 16286 16454 I NotificationManager: , Notification(channel=silent_notifications_3 shortcut=916381439927@s.whatsapp.net contentView=null vibrate=null sound=null defaults=0x0 flags=0x8 color=0xff21c063 groupKey=group_key_messages sortKey=1 actions=3 vis=PRIVATE publicVersion=Notification(channel=null shortcut=null contentView=null vibrate=null sound=null defaults=0x0 flags=0x0 color=0xff21c063 category=msg vis=PRIVATE semFlags=0x0 semPriority=0 semMissedCount=0) semFlags=0x0 semPriority=0 semMissedCount=0)) as user
05-27 23:45:46.016 16286 16454 I NotificationManager: com.whatsapp: notify(1, null, Notification(channel=silent_notifications_3 shortcut=916381439927@s.whatsapp.net contentView=null vibrate=null sound=null tick defaults=0x0 flags=0x200 color=0xff21c063 category=msg groupKey=group_key_messages vis=PRIVATE publicVersion=Notification(channel=null shortcut=null contentView=null vibrate=null sound=null defaults=0x0 flags=0x0 color=0xff21c063 category=msg vis=PRIVATE semFlags=0x0 semPriority=0 semMissedCount=0) semFlags=0x0 semPriority=0 semMissedCount=0)) as user
05-27 23:45:46.061 20907 30041 I HoneySpace.BadgeDataSourceImpl: Get notification count. PackageKey(packageName=com.whatsapp, user=UserHandle{0}) - forceBadgeCount: false, notification listener: 2, badge provider: 3
05-27 23:45:46.306 20907 20907 I HoneySpace.BadgeDataSourceImpl: Get notification count. PackageKey(packageName=com.whatsapp, user=UserHandle{0}) - forceBadgeCount: false, notification listener: 3, badge provider: 3
05-27 23:45:46.311 20907 20907 I HoneySpace.NotificationListener: invalid notification: com.whatsapp UserHandle{0}: isGroup=true, isMissing=false
05-27 23:45:46.312 20907 20907 I HoneySpace.BadgeDataSourceImpl: Get notification count. PackageKey(packageName=com.whatsapp, user=UserHandle{0}) - forceBadgeCount: false, notification listener: 3, badge provider: 3
05-27 23:45:52.730 16286 16454 I NotificationManager: , Notification(channel=silent_notifications_3 shortcut=916381439927@s.whatsapp.net contentView=null vibrate=null sound=null defaults=0x0 flags=0x8 color=0xff21c063 groupKey=group_key_messages sortKey=1 actions=3 vis=PRIVATE publicVersion=Notification(channel=null shortcut=null contentView=null vibrate=null sound=null defaults=0x0 flags=0x0 color=0xff21c063 category=msg vis=PRIVATE semFlags=0x0 semPriority=0 semMissedCount=0) semFlags=0x0 semPriority=0 semMissedCount=0)) as user
05-27 23:45:52.755 16286 16454 I NotificationManager: com.whatsapp: notify(1, null, Notification(channel=silent_notifications_3 shortcut=916381439927@s.whatsapp.net contentView=null vibrate=null sound=null tick defaults=0x0 flags=0x200 color=0xff21c063 category=msg groupKey=group_key_messages vis=PRIVATE publicVersion=Notification(channel=null shortcut=null contentView=null vibrate=null sound=null defaults=0x0 flags=0x0 color=0xff21c063 category=msg vis=PRIVATE semFlags=0x0 semPriority=0 semMissedCount=0) semFlags=0x0 semPriority=0 semMissedCount=0)) as user
05-27 23:45:52.800 20907 30041 I HoneySpace.BadgeDataSourceImpl: Get notification count. PackageKey(packageName=com.whatsapp, user=UserHandle{0}) - forceBadgeCount: false, notification listener: 3, badge provider: 4
05-27 23:45:53.049 20907 20907 I HoneySpace.BadgeDataSourceImpl: Get notification count. PackageKey(packageName=com.whatsapp, user=UserHandle{0}) - forceBadgeCount: false, notification listener: 4, badge provider: 4
05-27 23:45:53.054 20907 20907 I HoneySpace.NotificationListener: invalid notification: com.whatsapp UserHandle{0}: isGroup=true, isMissing=false
05-27 23:45:53.054 20907 20907 I HoneySpace.BadgeDataSourceImpl: Get notification count. PackageKey(packageName=com.whatsapp, user=UserHandle{0}) - forceBadgeCount: false, notification listener: 4, badge provider: 4
05-27 23:46:05.365 16286 16454 I NotificationManager: , Notification(channel=silent_notifications_3 shortcut=916381439927@s.whatsapp.net contentView=null vibrate=null sound=null defaults=0x0 flags=0x8 color=0xff21c063 groupKey=group_key_messages sortKey=1 actions=3 vis=PRIVATE publicVersion=Notification(channel=null shortcut=null contentView=null vibrate=null sound=null defaults=0x0 flags=0x0 color=0xff21c063 category=msg vis=PRIVATE semFlags=0x0 semPriority=0 semMissedCount=0) semFlags=0x0 semPriority=0 semMissedCount=0)) as user
05-27 23:46:05.388 16286 16454 I NotificationManager: com.whatsapp: notify(1, null, Notification(channel=silent_notifications_3 shortcut=916381439927@s.whatsapp.net contentView=null vibrate=null sound=null tick defaults=0x0 flags=0x200 color=0xff21c063 category=msg groupKey=group_key_messages vis=PRIVATE publicVersion=Notification(channel=null shortcut=null contentView=null vibrate=null sound=null defaults=0x0 flags=0x0 color=0xff21c063 category=msg vis=PRIVATE semFlags=0x0 semPriority=0 semMissedCount=0) semFlags=0x0 semPriority=0 semMissedCount=0)) as user
05-27 23:46:05.420 20907 18807 I HoneySpace.BadgeDataSourceImpl: Get notification count. PackageKey(packageName=com.whatsapp, user=UserHandle{0}) - forceBadgeCount: false, notification listener: 4, badge provider: 5
05-27 23:46:05.614 20907 20907 I HoneySpace.BadgeDataSourceImpl: Get notification count. PackageKey(packageName=com.whatsapp, user=UserHandle{0}) - forceBadgeCount: false, notification listener: 5, badge provider: 5
05-27 23:46:05.621 20907 20907 I HoneySpace.NotificationListener: invalid notification: com.whatsapp UserHandle{0}: isGroup=true, isMissing=false
05-27 23:46:05.621 20907 20907 I HoneySpace.BadgeDataSourceImpl: Get notification count. PackageKey(packageName=com.whatsapp, user=UserHandle{0}) - forceBadgeCount: false, notification listener: 5, badge provider: 5
05-27 23:46:08.989  1072  1072 D EdgeLightingPolicyManager:NotificationGroup: |10292: Notification(channel=silent_notifications_3 shortcut=916381439927@s.whatsapp.net contentView=null vibrate=null sound=null defaults=0x0 flags=0x8 color=0xff21c063 groupKey=group_key_messages sortKey=1 actions=3 vis=PRIVATE publicVersion=Notification(channel=null shortcut=null contentView=null vibrate=null sound=null defaults=0x0 flags=0x0 color=0xff21c063 category=msg vis=PRIVATE semFlags=0x0 semPriority=0 semMissedCount=0) semFlags=0x0 semPriority=0 semMissedCount=0))
05-27 23:46:08.990  1072  1072 D EdgeLightingPolicyManager.NotificationGroup: group notification count : 2
05-27 23:46:08.993  1072  1072 D EdgeLightingPolicyManager:NotificationGroup: remove : sbn : StatusBarNotification(pkg=com.whatsapp user=UserHandle{0} id=1 tag=null key=0|com.whatsapp|1|null|10292: Notification(channel=silent_notifications_3 shortcut=916381439927@s.whatsapp.net contentView=null vibrate=null sound=null tick defaults=0x0 flags=0x200 color=0xff21c063 category=msg groupKey=group_key_messages vis=PRIVATE publicVersion=Notification(channel=null shortcut=null contentView=null vibrate=null sound=null defaults=0x0 flags=0x0 color=0xff21c063 category=msg vis=PRIVATE semFlags=0x0 semPriority=0 semMissedCount=0) semFlags=0x0 semPriority=0 semMissedCount=0))
05-27 23:46:08.993  1072  1072 D EdgeLightingPolicyManager.NotificationGroup: group notification count : 2
05-27 23:46:09.037  1495  1495 I FaceWidgetPositionAlgorithm: setup() mStatusBarHeight = 65, mDarkAmount = 1.0, mQsTopPadding = 1165, notificationStackHeight = 84, mPanelExpansion = 0.0, mHeight = 2408, mFaceWidgetContainerHeight = 508, mCurrentClockType = 1, notificationType = 0, hasVisibleNotifs = false
05-27 23:46:09.041  1495  1495 D SecPanelLogger:    com.android.systemui.statusbar.notification.stack.NotificationStackScrollLayout.notifyHeightChangeListener:5
05-27 23:46:09.041  1495  1495 D SecPanelLogger:    com.android.systemui.statusbar.notification.stack.NotificationStackScrollLayout.onChildHeightChanged:122
05-27 23:46:09.041  1495  1495 D SecPanelLogger:    com.android.systemui.statusbar.notification.stack.NotificationStackScrollLayout$8.onHeightChanged:3
05-27 23:46:13.132 16286 16454 I NotificationManager: , Notification(channel=silent_notifications_3 shortcut=916381439927@s.whatsapp.net contentView=null vibrate=null sound=null defaults=0x0 flags=0x8 color=0xff21c063 groupKey=group_key_messages sortKey=1 actions=3 vis=PRIVATE publicVersion=Notification(channel=null shortcut=null contentView=null vibrate=null sound=null defaults=0x0 flags=0x0 color=0xff21c063 category=msg vis=PRIVATE semFlags=0x0 semPriority=0 semMissedCount=0) semFlags=0x0 semPriority=0 semMissedCount=0)) as user
05-27 23:46:13.158 16286 16454 I NotificationManager: com.whatsapp: notify(1, null, Notification(channel=silent_notifications_3 shortcut=916381439927@s.whatsapp.net contentView=null vibrate=null sound=null tick defaults=0x0 flags=0x200 color=0xff21c063 category=msg groupKey=group_key_messages vis=PRIVATE publicVersion=Notification(channel=null shortcut=null contentView=null vibrate=null sound=null defaults=0x0 flags=0x0 color=0xff21c063 category=msg vis=PRIVATE semFlags=0x0 semPriority=0 semMissedCount=0) semFlags=0x0 semPriority=0 semMissedCount=0)) as user
05-27 23:46:13.446 20907 20907 I HoneySpace.BadgeDataSourceImpl: Get notification count. PackageKey(packageName=com.whatsapp, user=UserHandle{0}) - forceBadgeCount: false, notification listener: 1, badge provider: 1
05-27 23:46:13.452 20907 20907 I HoneySpace.NotificationListener: invalid notification: com.whatsapp UserHandle{0}: isGroup=true, isMissing=false
05-27 23:46:13.452 20907 20907 I HoneySpace.BadgeDataSourceImpl: Get notification count. PackageKey(packageName=com.whatsapp, user=UserHandle{0}) - forceBadgeCount: false, notification listener: 1, badge provider: 1
05-27 23:46:13.535  1072  1072 D EdgeLightingPolicyManager:NotificationGroup: |10292: Notification(channel=silent_notifications_3 shortcut=916381439927@s.whatsapp.net contentView=null vibrate=null sound=null defaults=0x0 flags=0x8 color=0xff21c063 groupKey=group_key_messages sortKey=1 actions=3 vis=PRIVATE publicVersion=Notification(channel=null shortcut=null contentView=null vibrate=null sound=null defaults=0x0 flags=0x0 color=0xff21c063 category=msg vis=PRIVATE semFlags=0x0 semPriority=0 semMissedCount=0) semFlags=0x0 semPriority=0 semMissedCount=0))
05-27 23:46:13.535  1072  1072 D EdgeLightingPolicyManager.NotificationGroup: group notification count : 2
05-27 23:46:13.538  1072  1072 D EdgeLightingPolicyManager:NotificationGroup: remove : sbn : StatusBarNotification(pkg=com.whatsapp user=UserHandle{0} id=1 tag=null key=0|com.whatsapp|1|null|10292: Notification(channel=silent_notifications_3 shortcut=916381439927@s.whatsapp.net contentView=null vibrate=null sound=null tick defaults=0x0 flags=0x200 color=0xff21c063 category=msg groupKey=group_key_messages vis=PRIVATE publicVersion=Notification(channel=null shortcut=null contentView=null vibrate=null sound=null defaults=0x0 flags=0x0 color=0xff21c063 category=msg vis=PRIVATE semFlags=0x0 semPriority=0 semMissedCount=0) semFlags=0x0 semPriority=0 semMissedCount=0))
05-27 23:46:13.538  1072  1072 D EdgeLightingPolicyManager.NotificationGroup: group notification count : 2
05-27 23:46:14.362 20907 20907 I HoneySpace.NotificationListener: invalid notification: com.android.systemui UserHandle{-1}: canShowBadge is false
05-27 23:46:26.713 16286 16454 I NotificationManager: , Notification(channel=silent_notifications_3 shortcut=916381439927@s.whatsapp.net contentView=null vibrate=null sound=null defaults=0x0 flags=0x8 color=0xff21c063 groupKey=group_key_messages sortKey=1 actions=3 vis=PRIVATE publicVersion=Notification(channel=null shortcut=null contentView=null vibrate=null sound=null defaults=0x0 flags=0x0 color=0xff21c063 category=msg vis=PRIVATE semFlags=0x0 semPriority=0 semMissedCount=0) semFlags=0x0 semPriority=0 semMissedCount=0)) as user
05-27 23:46:26.730 16286 16454 I NotificationManager: com.whatsapp: notify(1, null, Notification(channel=silent_notifications_3 shortcut=916381439927@s.whatsapp.net contentView=null vibrate=null sound=null tick defaults=0x0 flags=0x200 color=0xff21c063 category=msg groupKey=group_key_messages vis=PRIVATE publicVersion=Notification(channel=null shortcut=null contentView=null vibrate=null sound=null defaults=0x0 flags=0x0 color=0xff21c063 category=msg vis=PRIVATE semFlags=0x0 semPriority=0 semMissedCount=0) semFlags=0x0 semPriority=0 semMissedCount=0)) as user
05-27 23:46:27.025 20907 20907 I HoneySpace.BadgeDataSourceImpl: Get notification count. PackageKey(packageName=com.whatsapp, user=UserHandle{0}) - forceBadgeCount: false, notification listener: 1, badge provider: 1
05-27 23:46:27.029 20907 20907 I HoneySpace.NotificationListener: invalid notification: com.whatsapp UserHandle{0}: isGroup=true, isMissing=false
05-27 23:46:27.029 20907 20907 I HoneySpace.BadgeDataSourceImpl: Get notification count. PackageKey(packageName=com.whatsapp, user=UserHandle{0}) - forceBadgeCount: false, notification listener: 1, badge provider: 1
05-27 23:46:27.097  1072  1072 D EdgeLightingPolicyManager:NotificationGroup: |10292: Notification(channel=silent_notifications_3 shortcut=916381439927@s.whatsapp.net contentView=null vibrate=null sound=null defaults=0x0 flags=0x8 color=0xff21c063 groupKey=group_key_messages sortKey=1 actions=3 vis=PRIVATE publicVersion=Notification(channel=null shortcut=null contentView=null vibrate=null sound=null defaults=0x0 flags=0x0 color=0xff21c063 category=msg vis=PRIVATE semFlags=0x0 semPriority=0 semMissedCount=0) semFlags=0x0 semPriority=0 semMissedCount=0))
05-27 23:46:27.098  1072  1072 D EdgeLightingPolicyManager.NotificationGroup: group notification count : 2
05-27 23:46:27.100  1072  1072 D EdgeLightingPolicyManager:NotificationGroup: remove : sbn : StatusBarNotification(pkg=com.whatsapp user=UserHandle{0} id=1 tag=null key=0|com.whatsapp|1|null|10292: Notification(channel=silent_notifications_3 shortcut=916381439927@s.whatsapp.net contentView=null vibrate=null sound=null tick defaults=0x0 flags=0x200 color=0xff21c063 category=msg groupKey=group_key_messages vis=PRIVATE publicVersion=Notification(channel=null shortcut=null contentView=null vibrate=null sound=null defaults=0x0 flags=0x0 color=0xff21c063 category=msg vis=PRIVATE semFlags=0x0 semPriority=0 semMissedCount=0) semFlags=0x0 semPriority=0 semMissedCount=0))
05-27 23:46:27.100  1072  1072 D EdgeLightingPolicyManager.NotificationGroup: group notification count : 2
05-27 23:46:34.501 20907 20907 I HoneySpace.NotificationListener: invalid notification: com.android.systemui UserHandle{-1}: canShowBadge is false
05-27 23:46:54.639 20907 20907 I HoneySpace.NotificationListener: invalid notification: com.android.systemui UserHandle{-1}: canShowBadge is false
05-27 23:47:03.781  1495  1495 I FaceWidgetPositionAlgorithm: setup() mStatusBarHeight = 65, mDarkAmount = 0.0, mQsTopPadding = 1165, notificationStackHeight = 84, mPanelExpansion = 0.0, mHeight = 2408, mFaceWidgetContainerHeight = 508, mCurrentClockType = 1, notificationType = 0, hasVisibleNotifs = false
05-27 23:47:03.818  1495  1495 D SecPanelLogger:    com.android.systemui.statusbar.notification.stack.NotificationStackScrollLayout.notifyHeightChangeListener:5
05-27 23:47:03.921  1495  1495 D SecPanelLogger:    com.android.systemui.statusbar.notification.stack.NotificationStackScrollLayout.notifyHeightChangeListener:5
05-27 23:47:04.317  1495  1495 I FaceWidgetPositionAlgorithm: setup() mStatusBarHeight = 65, mDarkAmount = 0.0, mQsTopPadding = 707, notificationStackHeight = 480, mPanelExpansion = 0.0, mHeight = 2408, mFaceWidgetContainerHeight = 508, mCurrentClockType = 1, notificationType = 0, hasVisibleNotifs = false
05-27 23:47:10.112 20907 20907 I HoneySpace.NotificationListener: invalid notification: com.whatsapp UserHandle{0}: canShowBadge is false
05-27 23:47:10.116 20907 20907 I HoneySpace.NotificationListener: invalid notification: com.whatsapp UserHandle{0}: canShowBadge is false
05-27 23:47:10.877 20907 20907 I HoneySpace.NotificationListener: invalid notification: com.whatsapp UserHandle{0}: canShowBadge is false
05-27 23:47:11.398 20907 20907 I HoneySpace.NotificationListener: invalid notification: com.whatsapp UserHandle{0}: canShowBadge is false
05-27 23:47:11.890 20907 20907 I HoneySpace.NotificationListener: invalid notification: com.whatsapp UserHandle{0}: canShowBadge is false
05-27 23:47:12.402 20907 20907 I HoneySpace.NotificationListener: invalid notification: com.whatsapp UserHandle{0}: canShowBadge is false
05-27 23:47:12.899 20907 20907 I HoneySpace.NotificationListener: invalid notification: com.whatsapp UserHandle{0}: canShowBadge is false
05-27 23:47:13.422 20907 20907 I HoneySpace.NotificationListener: invalid notification: com.whatsapp UserHandle{0}: canShowBadge is false
05-27 23:47:13.903 20907 20907 I HoneySpace.NotificationListener: invalid notification: com.whatsapp UserHandle{0}: canShowBadge is false
05-27 23:47:14.431 20907 20907 I HoneySpace.NotificationListener: invalid notification: com.whatsapp UserHandle{0}: canShowBadge is false
05-27 23:47:14.916 20907 20907 I HoneySpace.NotificationListener: invalid notification: com.whatsapp UserHandle{0}: canShowBadge is false
05-27 23:47:15.416 20907 20907 I HoneySpace.NotificationListener: invalid notification: com.whatsapp UserHandle{0}: canShowBadge is false
05-27 23:47:15.908 20907 20907 I HoneySpace.NotificationListener: invalid notification: com.whatsapp UserHandle{0}: canShowBadge is false
05-27 23:47:16.452 20907 20907 I HoneySpace.NotificationListener: invalid notification: com.whatsapp UserHandle{0}: canShowBadge is false
05-27 23:47:16.925 20907 20907 I HoneySpace.NotificationListener: invalid notification: com.whatsapp UserHandle{0}: canShowBadge is false
05-27 23:47:17.458 20907 20907 I HoneySpace.NotificationListener: invalid notification: com.whatsapp UserHandle{0}: canShowBadge is false
05-27 23:47:17.962 20907 20907 I HoneySpace.NotificationListener: invalid notification: com.whatsapp UserHandle{0}: canShowBadge is false
05-27 23:47:18.274  1072  1096 D KNOX_MDM_SettingsProvider: isChangeAllowed() : name = enabled_notification_listeners
05-27 23:47:18.461 20907 20907 I HoneySpace.NotificationListener: invalid notification: com.whatsapp UserHandle{0}: canShowBadge is false
05-27 23:47:18.498 20907 20907 I HoneySpace.BadgeDataSourceImpl: Get notification count. PackageKey(packageName=com.linkedin.android, user=UserHandle{0}) - forceBadgeCount: false, notification listener: 2, badge provider: 2
05-27 23:47:18.976 20907 20907 I HoneySpace.NotificationListener: invalid notification: com.whatsapp UserHandle{0}: canShowBadge is false
05-27 23:47:19.474 20907 20907 I HoneySpace.NotificationListener: invalid notification: com.whatsapp UserHandle{0}: canShowBadge is false
05-27 23:47:20.036 20907 20907 I HoneySpace.NotificationListener: invalid notification: com.whatsapp UserHandle{0}: canShowBadge is false
05-27 23:47:20.529 20907 20907 I HoneySpace.NotificationListener: invalid notification: com.whatsapp UserHandle{0}: canShowBadge is false
05-27 23:47:21.038 20907 20907 I HoneySpace.NotificationListener: invalid notification: com.whatsapp UserHandle{0}: canShowBadge is false
05-27 23:47:21.519 20907 20907 I HoneySpace.NotificationListener: invalid notification: com.whatsapp UserHandle{0}: canShowBadge is false
05-27 23:47:22.019 20907 20907 I HoneySpace.NotificationListener: invalid notification: com.whatsapp UserHandle{0}: canShowBadge is false
05-27 23:47:22.524 20907 20907 I HoneySpace.NotificationListener: invalid notification: com.whatsapp UserHandle{0}: canShowBadge is false
05-27 23:47:23.015 20907 20907 I HoneySpace.NotificationListener: invalid notification: com.whatsapp UserHandle{0}: canShowBadge is false
05-27 23:47:23.515 20907 20907 I HoneySpace.NotificationListener: invalid notification: com.whatsapp UserHandle{0}: canShowBadge is false
05-27 23:47:24.016 20907 20907 I HoneySpace.NotificationListener: invalid notification: com.whatsapp UserHandle{0}: canShowBadge is false
05-27 23:47:24.507 20907 20907 I HoneySpace.NotificationListener: invalid notification: com.whatsapp UserHandle{0}: canShowBadge is false
05-27 23:47:25.030 20907 20907 I HoneySpace.NotificationListener: invalid notification: com.whatsapp UserHandle{0}: canShowBadge is false
05-27 23:47:25.533 20907 20907 I HoneySpace.NotificationListener: invalid notification: com.whatsapp UserHandle{0}: canShowBadge is false
05-27 23:47:26.035 20907 20907 I HoneySpace.NotificationListener: invalid notification: com.whatsapp UserHandle{0}: canShowBadge is false
05-27 23:47:26.543 20907 20907 I HoneySpace.NotificationListener: invalid notification: com.whatsapp UserHandle{0}: canShowBadge is false
05-27 23:47:27.030 20907 20907 I HoneySpace.NotificationListener: invalid notification: com.whatsapp UserHandle{0}: canShowBadge is false
05-27 23:47:27.532 20907 20907 I HoneySpace.NotificationListener: invalid notification: com.whatsapp UserHandle{0}: canShowBadge is false
05-27 23:47:28.031 20907 20907 I HoneySpace.NotificationListener: invalid notification: com.whatsapp UserHandle{0}: canShowBadge is false
05-27 23:47:28.519 20907 20907 I HoneySpace.NotificationListener: invalid notification: com.whatsapp UserHandle{0}: canShowBadge is false
05-27 23:47:29.058 20907 20907 I HoneySpace.NotificationListener: invalid notification: com.whatsapp UserHandle{0}: canShowBadge is false
05-27 23:47:29.600 20907 20907 I HoneySpace.NotificationListener: invalid notification: com.whatsapp UserHandle{0}: canShowBadge is false
05-27 23:47:30.050 20907 20907 I HoneySpace.NotificationListener: invalid notification: com.whatsapp UserHandle{0}: canShowBadge is false
05-27 23:47:30.574 20907 20907 I HoneySpace.NotificationListener: invalid notification: com.whatsapp UserHandle{0}: canShowBadge is false
05-27 23:47:31.059 20907 20907 I HoneySpace.NotificationListener: invalid notification: com.whatsapp UserHandle{0}: canShowBadge is false
05-27 23:47:31.567 20907 20907 I HoneySpace.NotificationListener: invalid notification: com.whatsapp UserHandle{0}: canShowBadge is false
05-27 23:47:32.063 20907 20907 I HoneySpace.NotificationListener: invalid notification: com.whatsapp UserHandle{0}: canShowBadge is false
05-27 23:47:32.565 20907 20907 I HoneySpace.NotificationListener: invalid notification: com.whatsapp UserHandle{0}: canShowBadge is false
05-27 23:47:33.063 20907 20907 I HoneySpace.NotificationListener: invalid notification: com.whatsapp UserHandle{0}: canShowBadge is false
05-27 23:47:33.558 20907 20907 I HoneySpace.NotificationListener: invalid notification: com.whatsapp UserHandle{0}: canShowBadge is false
05-27 23:47:34.113 20907 20907 I HoneySpace.NotificationListener: invalid notification: com.whatsapp UserHandle{0}: canShowBadge is false
05-27 23:47:34.600 20907 20907 I HoneySpace.NotificationListener: invalid notification: com.whatsapp UserHandle{0}: canShowBadge is false
05-27 23:47:34.910 20907 20907 I HoneySpace.NotificationListener: invalid notification: com.android.systemui UserHandle{-1}: canShowBadge is false
05-27 23:47:35.104 20907 20907 I HoneySpace.NotificationListener: invalid notification: com.whatsapp UserHandle{0}: canShowBadge is false
05-27 23:47:35.596 20907 20907 I HoneySpace.NotificationListener: invalid notification: com.whatsapp UserHandle{0}: canShowBadge is false
05-27 23:47:36.104 20907 20907 I HoneySpace.NotificationListener: invalid notification: com.whatsapp UserHandle{0}: canShowBadge is false
05-27 23:47:36.602 20907 20907 I HoneySpace.NotificationListener: invalid notification: com.whatsapp UserHandle{0}: canShowBadge is false
