05-28 00:10:35.022  1467  1467 D Telephony: SamsungTuiAsyncSendExtras: SamsungTuiAsyncSendExtras[onPostExecute] method: network_notification_event
05-28 00:10:44.744  1467  1467 D CallNotifier: updatePhoneStateListeners: update CF notifications.
05-28 00:10:44.748  1467  1467 D CallNotifier: updatePhoneStateListeners: update MW notifications.
05-28 00:10:44.748  1467  1467 D Telephony: SamsungVoiceMailMwiNotifiaction: getMwiNotificationId, notificationId: 2
05-28 00:10:44.748  1467  1467 I NotificationMgr: updateMwi(): phoneId 1, notificationId 2
05-28 00:10:44.760  1467  1467 D CallNotifier: updatePhoneStateListeners: update CF notifications.
05-28 00:10:44.768  1467  1467 D CallNotifier: updatePhoneStateListeners: update MW notifications.
05-28 00:10:44.768  1467  1467 D Telephony: SamsungVoiceMailMwiNotifiaction: getMwiNotificationId, notificationId: 3
05-28 00:10:44.768  1467  1467 I NotificationMgr: updateMwi(): phoneId 0, notificationId 3
05-28 00:10:44.781  1467  1467 D Telephony: SamsungTuiAsyncSendExtras: SamsungTuiAsyncSendExtras[onPreExecute] method: network_notification_event
05-28 00:10:44.781  1467 12315 D Telephony: SamsungTuiAsyncSendExtras: SamsungTuiAsyncSendExtras[doInBackground] method: network_notification_event
05-28 00:10:44.790  9748  9760 I InternalContentProvider: network_notification_event null
05-28 00:10:44.791  9748  9760 I CarrierUiCallFunctions: call network_notification_event null Bundle[mParcelledData.dataSize=840]
05-28 00:10:44.793  1467  1467 D Telephony: SamsungTuiAsyncSendExtras: SamsungTuiAsyncSendExtras[onPostExecute] method: network_notification_event
05-28 00:10:45.002 20907 20907 I HoneySpace.NotificationListener: invalid notification: com.android.systemui UserHandle{-1}: canShowBadge is false
05-28 00:11:04.961  1467  1467 D CallNotifier: updatePhoneStateListeners: update CF notifications.
05-28 00:11:04.968  1467  1467 D CallNotifier: updatePhoneStateListeners: update MW notifications.
05-28 00:11:04.968  1467  1467 D Telephony: SamsungVoiceMailMwiNotifiaction: getMwiNotificationId, notificationId: 2
05-28 00:11:04.968  1467  1467 I NotificationMgr: updateMwi(): phoneId 1, notificationId 2
05-28 00:11:04.971  1467  1467 D CallNotifier: updatePhoneStateListeners: update CF notifications.
05-28 00:11:04.973  1467  1467 D CallNotifier: updatePhoneStateListeners: update MW notifications.
05-28 00:11:04.973  1467  1467 D Telephony: SamsungVoiceMailMwiNotifiaction: getMwiNotificationId, notificationId: 3
05-28 00:11:04.973  1467  1467 I NotificationMgr: updateMwi(): phoneId 0, notificationId 3
05-28 00:11:04.983  1467  1467 D Telephony: SamsungTuiAsyncSendExtras: SamsungTuiAsyncSendExtras[onPreExecute] method: network_notification_event
05-28 00:11:04.983  1467 12315 D Telephony: SamsungTuiAsyncSendExtras: SamsungTuiAsyncSendExtras[doInBackground] method: network_notification_event
05-28 00:11:04.988  9748  9760 I InternalContentProvider: network_notification_event null
05-28 00:11:04.989  9748  9760 I CarrierUiCallFunctions: call network_notification_event null Bundle[mParcelledData.dataSize=832]
05-28 00:11:05.045  1467  1467 D Telephony: SamsungTuiAsyncSendExtras: SamsungTuiAsyncSendExtras[onPostExecute] method: network_notification_event
05-28 00:11:05.118 20907 20907 I HoneySpace.NotificationListener: invalid notification: com.android.systemui UserHandle{-1}: canShowBadge is false
05-28 00:11:09.595  1467  1467 D CallNotifier: updatePhoneStateListeners: update CF notifications.
05-28 00:11:09.598  1467  1467 D CallNotifier: updatePhoneStateListeners: update MW notifications.
05-28 00:11:09.598  1467  1467 D Telephony: SamsungVoiceMailMwiNotifiaction: getMwiNotificationId, notificationId: 2
05-28 00:11:09.598  1467  1467 I NotificationMgr: updateMwi(): phoneId 1, notificationId 2
05-28 00:11:09.604  1467  1467 D CallNotifier: updatePhoneStateListeners: update CF notifications.
05-28 00:11:09.609  1467  1467 D CallNotifier: updatePhoneStateListeners: update MW notifications.
05-28 00:11:09.609  1467  1467 D Telephony: SamsungVoiceMailMwiNotifiaction: getMwiNotificationId, notificationId: 3
05-28 00:11:09.609  1467  1467 I NotificationMgr: updateMwi(): phoneId 0, notificationId 3
05-28 00:11:09.621  1467  1467 D Telephony: SamsungTuiAsyncSendExtras: SamsungTuiAsyncSendExtras[onPreExecute] method: network_notification_event
05-28 00:11:09.623  1467 12315 D Telephony: SamsungTuiAsyncSendExtras: SamsungTuiAsyncSendExtras[doInBackground] method: network_notification_event
05-28 00:11:09.625  9748  9760 I InternalContentProvider: network_notification_event null
05-28 00:11:09.625  9748  9760 I CarrierUiCallFunctions: call network_notification_event null Bundle[mParcelledData.dataSize=840]
05-28 00:11:09.631  1467  1467 D Telephony: SamsungTuiAsyncSendExtras: SamsungTuiAsyncSendExtras[onPostExecute] method: network_notification_event
05-28 00:11:16.265  1072  2846 D KNOX_MDM_SettingsProvider: isChangeAllowed() : name = unused_app_notification_status
05-28 00:11:16.277  1072  2505 D KNOX_MDM_SettingsProvider: isChangeAllowed() : name = unused_app_notification_status
05-28 00:11:16.555 20907 20907 I HoneySpace.NotificationListener: invalid notification: com.samsung.memorysaver UserHandle{0}: isGroup=true, isMissing=false
05-28 00:11:16.560 20907 20907 I HoneySpace.BadgeDataSourceImpl: Get notification count. PackageKey(packageName=com.samsung.memorysaver, user=UserHandle{0}) - forceBadgeCount: false, notification listener: 1, badge provider: 0
05-28 00:11:16.566 20907 20907 I HoneySpace.BadgeDataSourceImpl: Get notification count. PackageKey(packageName=com.samsung.memorysaver, user=UserHandle{0}) - forceBadgeCount: false, notification listener: 1, badge provider: 0
05-28 00:11:16.778  1495  1495 I FaceWidgetPositionAlgorithm: setup() mStatusBarHeight = 65, mDarkAmount = 1.0, mQsTopPadding = 1165, notificationStackHeight = 265, mPanelExpansion = 0.0, mHeight = 2408, mFaceWidgetContainerHeight = 508, mCurrentClockType = 1, notificationType = 0, hasVisibleNotifs = false
05-28 00:11:24.165 26090 26099 I AppClearCacheImpl: count before notification mCountSystemDeleteFiles : 1  mSystemCacheDataList.size() : 240
05-28 00:11:24.168 26090 26099 I AppClearCacheImpl: count before notification mCountSystemDeleteFiles : 2  mSystemCacheDataList.size() : 240
05-28 00:11:24.178 26090 26099 I AppClearCacheImpl: count before notification mCountSystemDeleteFiles : 3  mSystemCacheDataList.size() : 239
05-28 00:11:24.188 26090 26099 I AppClearCacheImpl: count before notification mCountSystemDeleteFiles : 4  mSystemCacheDataList.size() : 238
05-28 00:11:24.319 26090 26099 I AppClearCacheImpl: count before notification mCountSystemDeleteFiles : 5  mSystemCacheDataList.size() : 237
05-28 00:11:24.330 26090 26099 I AppClearCacheImpl: count before notification mCountSystemDeleteFiles : 6  mSystemCacheDataList.size() : 236
05-28 00:11:24.354 26090 26099 I AppClearCacheImpl: count before notification mCountSystemDeleteFiles : 7  mSystemCacheDataList.size() : 235
05-28 00:11:24.402 26090 26099 I AppClearCacheImpl: count before notification mCountSystemDeleteFiles : 8  mSystemCacheDataList.size() : 234
05-28 00:11:24.405 26090 26099 I AppClearCacheImpl: count before notification mCountSystemDeleteFiles : 9  mSystemCacheDataList.size() : 233
05-28 00:11:24.408 26090 26099 I AppClearCacheImpl: count before notification mCountSystemDeleteFiles : 10  mSystemCacheDataList.size() : 232
05-28 00:11:24.412 26090 26099 I AppClearCacheImpl: count before notification mCountSystemDeleteFiles : 11  mSystemCacheDataList.size() : 231
05-28 00:11:24.477 26090 26099 I AppClearCacheImpl: count before notification mCountSystemDeleteFiles : 12  mSystemCacheDataList.size() : 230
05-28 00:11:24.482 26090 26099 I AppClearCacheImpl: count before notification mCountSystemDeleteFiles : 13  mSystemCacheDataList.size() : 229
05-28 00:11:24.493 26090 26099 I AppClearCacheImpl: count before notification mCountSystemDeleteFiles : 14  mSystemCacheDataList.size() : 228
05-28 00:11:24.498 26090 26099 I AppClearCacheImpl: count before notification mCountSystemDeleteFiles : 15  mSystemCacheDataList.size() : 227
05-28 00:11:24.506 26090 26099 I AppClearCacheImpl: count before notification mCountSystemDeleteFiles : 16  mSystemCacheDataList.size() : 226
05-28 00:11:24.512 26090 26099 I AppClearCacheImpl: count before notification mCountSystemDeleteFiles : 17  mSystemCacheDataList.size() : 225
05-28 00:11:24.523 26090 26099 I AppClearCacheImpl: count before notification mCountSystemDeleteFiles : 18  mSystemCacheDataList.size() : 224
05-28 00:11:24.530 26090 26099 I AppClearCacheImpl: count before notification mCountSystemDeleteFiles : 19  mSystemCacheDataList.size() : 223
05-28 00:11:24.537 26090 26099 I AppClearCacheImpl: count before notification mCountSystemDeleteFiles : 20  mSystemCacheDataList.size() : 222
05-28 00:11:24.542 26090 26099 I AppClearCacheImpl: count before notification mCountSystemDeleteFiles : 21  mSystemCacheDataList.size() : 221
05-28 00:11:24.559 26090 26099 I AppClearCacheImpl: count before notification mCountSystemDeleteFiles : 22  mSystemCacheDataList.size() : 220
05-28 00:11:24.565 26090 26099 I AppClearCacheImpl: count before notification mCountSystemDeleteFiles : 23  mSystemCacheDataList.size() : 219
05-28 00:11:24.592 26090 26099 I AppClearCacheImpl: count before notification mCountSystemDeleteFiles : 24  mSystemCacheDataList.size() : 218
05-28 00:11:24.595 26090 26099 I AppClearCacheImpl: count before notification mCountSystemDeleteFiles : 25  mSystemCacheDataList.size() : 217
05-28 00:11:24.598 26090 26099 I AppClearCacheImpl: count before notification mCountSystemDeleteFiles : 26  mSystemCacheDataList.size() : 216
05-28 00:11:24.609 26090 26099 I AppClearCacheImpl: count before notification mCountSystemDeleteFiles : 27  mSystemCacheDataList.size() : 215
05-28 00:11:24.612 26090 26099 I AppClearCacheImpl: count before notification mCountSystemDeleteFiles : 28  mSystemCacheDataList.size() : 214
05-28 00:11:24.614 26090 26099 I AppClearCacheImpl: count before notification mCountSystemDeleteFiles : 29  mSystemCacheDataList.size() : 213
05-28 00:11:24.617 26090 26099 I AppClearCacheImpl: count before notification mCountSystemDeleteFiles : 30  mSystemCacheDataList.size() : 212
05-28 00:11:24.620 26090 26099 I AppClearCacheImpl: count before notification mCountSystemDeleteFiles : 31  mSystemCacheDataList.size() : 211
05-28 00:11:24.627 26090 26099 I AppClearCacheImpl: count before notification mCountSystemDeleteFiles : 32  mSystemCacheDataList.size() : 210
05-28 00:11:24.643 26090 26099 I AppClearCacheImpl: count before notification mCountSystemDeleteFiles : 33  mSystemCacheDataList.size() : 209
05-28 00:11:24.648 26090 26099 I AppClearCacheImpl: count before notification mCountSystemDeleteFiles : 34  mSystemCacheDataList.size() : 208
05-28 00:11:24.650 26090 26099 I AppClearCacheImpl: count before notification mCountSystemDeleteFiles : 35  mSystemCacheDataList.size() : 207
05-28 00:11:24.660 26090 26099 I AppClearCacheImpl: count before notification mCountSystemDeleteFiles : 36  mSystemCacheDataList.size() : 206
05-28 00:11:24.662 26090 26099 I AppClearCacheImpl: count before notification mCountSystemDeleteFiles : 37  mSystemCacheDataList.size() : 205
05-28 00:11:24.672 26090 26099 I AppClearCacheImpl: count before notification mCountSystemDeleteFiles : 38  mSystemCacheDataList.size() : 204
05-28 00:11:24.724 26090 26099 I AppClearCacheImpl: count before notification mCountSystemDeleteFiles : 39  mSystemCacheDataList.size() : 203
05-28 00:11:24.726 26090 26099 I AppClearCacheImpl: count before notification mCountSystemDeleteFiles : 40  mSystemCacheDataList.size() : 202
05-28 00:11:24.728 26090 26099 I AppClearCacheImpl: count before notification mCountSystemDeleteFiles : 41  mSystemCacheDataList.size() : 201
05-28 00:11:24.730 26090 26099 I AppClearCacheImpl: count before notification mCountSystemDeleteFiles : 42  mSystemCacheDataList.size() : 200
05-28 00:11:24.746 26090 26099 I AppClearCacheImpl: count before notification mCountSystemDeleteFiles : 43  mSystemCacheDataList.size() : 199
05-28 00:11:24.748 26090 26099 I AppClearCacheImpl: count before notification mCountSystemDeleteFiles : 44  mSystemCacheDataList.size() : 198
05-28 00:11:24.751 26090 26099 I AppClearCacheImpl: count before notification mCountSystemDeleteFiles : 45  mSystemCacheDataList.size() : 197
05-28 00:11:24.753 26090 26099 I AppClearCacheImpl: count before notification mCountSystemDeleteFiles : 46  mSystemCacheDataList.size() : 196
05-28 00:11:24.755 26090 26099 I AppClearCacheImpl: count before notification mCountSystemDeleteFiles : 47  mSystemCacheDataList.size() : 195
05-28 00:11:24.757 26090 26099 I AppClearCacheImpl: count before notification mCountSystemDeleteFiles : 48  mSystemCacheDataList.size() : 194
05-28 00:11:24.769 26090 26099 I AppClearCacheImpl: count before notification mCountSystemDeleteFiles : 49  mSystemCacheDataList.size() : 193
05-28 00:11:24.774 26090 26099 I AppClearCacheImpl: count before notification mCountSystemDeleteFiles : 50  mSystemCacheDataList.size() : 192
05-28 00:11:24.777 26090 26099 I AppClearCacheImpl: count before notification mCountSystemDeleteFiles : 51  mSystemCacheDataList.size() : 191
05-28 00:11:24.784 26090 26099 I AppClearCacheImpl: count before notification mCountSystemDeleteFiles : 52  mSystemCacheDataList.size() : 190
05-28 00:11:24.786 26090 26099 I AppClearCacheImpl: count before notification mCountSystemDeleteFiles : 53  mSystemCacheDataList.size() : 189
05-28 00:11:24.788 26090 26099 I AppClearCacheImpl: count before notification mCountSystemDeleteFiles : 54  mSystemCacheDataList.size() : 188
05-28 00:11:24.790 26090 26099 I AppClearCacheImpl: count before notification mCountSystemDeleteFiles : 55  mSystemCacheDataList.size() : 187
05-28 00:11:24.798 26090 26099 I AppClearCacheImpl: count before notification mCountSystemDeleteFiles : 56  mSystemCacheDataList.size() : 186
05-28 00:11:24.800 26090 26099 I AppClearCacheImpl: count before notification mCountSystemDeleteFiles : 57  mSystemCacheDataList.size() : 185
05-28 00:11:24.809 26090 26099 I AppClearCacheImpl: count before notification mCountSystemDeleteFiles : 58  mSystemCacheDataList.size() : 184
05-28 00:11:24.812 26090 26099 I AppClearCacheImpl: count before notification mCountSystemDeleteFiles : 59  mSystemCacheDataList.size() : 183
05-28 00:11:24.814 26090 26099 I AppClearCacheImpl: count before notification mCountSystemDeleteFiles : 60  mSystemCacheDataList.size() : 182
05-28 00:11:24.874 26090 26099 I AppClearCacheImpl: count before notification mCountSystemDeleteFiles : 61  mSystemCacheDataList.size() : 181
05-28 00:11:24.880 26090 26099 I AppClearCacheImpl: count before notification mCountSystemDeleteFiles : 62  mSystemCacheDataList.size() : 180
05-28 00:11:24.884 26090 26099 I AppClearCacheImpl: count before notification mCountSystemDeleteFiles : 63  mSystemCacheDataList.size() : 179
05-28 00:11:24.893 26090 26099 I AppClearCacheImpl: count before notification mCountSystemDeleteFiles : 64  mSystemCacheDataList.size() : 178
05-28 00:11:24.906 26090 26099 I AppClearCacheImpl: count before notification mCountSystemDeleteFiles : 65  mSystemCacheDataList.size() : 177
05-28 00:11:24.913 26090 26099 I AppClearCacheImpl: count before notification mCountSystemDeleteFiles : 66  mSystemCacheDataList.size() : 176
05-28 00:11:24.918 26090 26099 I AppClearCacheImpl: count before notification mCountSystemDeleteFiles : 67  mSystemCacheDataList.size() : 175
05-28 00:11:24.925 26090 26099 I AppClearCacheImpl: count before notification mCountSystemDeleteFiles : 68  mSystemCacheDataList.size() : 174
05-28 00:11:24.934 26090 26099 I AppClearCacheImpl: count before notification mCountSystemDeleteFiles : 69  mSystemCacheDataList.size() : 173
05-28 00:11:24.942 26090 26099 I AppClearCacheImpl: count before notification mCountSystemDeleteFiles : 70  mSystemCacheDataList.size() : 172
05-28 00:11:24.946 26090 26099 I AppClearCacheImpl: count before notification mCountSystemDeleteFiles : 71  mSystemCacheDataList.size() : 171
05-28 00:11:24.952 26090 26099 I AppClearCacheImpl: count before notification mCountSystemDeleteFiles : 72  mSystemCacheDataList.size() : 170
05-28 00:11:24.959 26090 26099 I AppClearCacheImpl: count before notification mCountSystemDeleteFiles : 73  mSystemCacheDataList.size() : 169
05-28 00:11:24.963 26090 26099 I AppClearCacheImpl: count before notification mCountSystemDeleteFiles : 74  mSystemCacheDataList.size() : 168
05-28 00:11:24.969 26090 26099 I AppClearCacheImpl: count before notification mCountSystemDeleteFiles : 75  mSystemCacheDataList.size() : 167
05-28 00:11:24.974 26090 26099 I AppClearCacheImpl: count before notification mCountSystemDeleteFiles : 76  mSystemCacheDataList.size() : 166
05-28 00:11:24.977 26090 26099 I AppClearCacheImpl: count before notification mCountSystemDeleteFiles : 77  mSystemCacheDataList.size() : 165
05-28 00:11:24.982 26090 26099 I AppClearCacheImpl: count before notification mCountSystemDeleteFiles : 78  mSystemCacheDataList.size() : 164
05-28 00:11:24.985 26090 26099 I AppClearCacheImpl: count before notification mCountSystemDeleteFiles : 79  mSystemCacheDataList.size() : 163
05-28 00:11:24.990 26090 26099 I AppClearCacheImpl: count before notification mCountSystemDeleteFiles : 80  mSystemCacheDataList.size() : 162
05-28 00:11:24.993 26090 26099 I AppClearCacheImpl: count before notification mCountSystemDeleteFiles : 81  mSystemCacheDataList.size() : 161
05-28 00:11:25.003 26090 26099 I AppClearCacheImpl: count before notification mCountSystemDeleteFiles : 82  mSystemCacheDataList.size() : 160
05-28 00:11:25.008 26090 26099 I AppClearCacheImpl: count before notification mCountSystemDeleteFiles : 83  mSystemCacheDataList.size() : 159
05-28 00:11:26.081 26090 26099 I AppClearCacheImpl: count before notification mCountSystemDeleteFiles : 84  mSystemCacheDataList.size() : 158
05-28 00:11:26.087 26090 26099 I AppClearCacheImpl: count before notification mCountSystemDeleteFiles : 85  mSystemCacheDataList.size() : 157
05-28 00:11:26.092 26090 26099 I AppClearCacheImpl: count before notification mCountSystemDeleteFiles : 86  mSystemCacheDataList.size() : 156
05-28 00:11:26.097 26090 26099 I AppClearCacheImpl: count before notification mCountSystemDeleteFiles : 87  mSystemCacheDataList.size() : 155
05-28 00:11:26.106 26090 26099 I AppClearCacheImpl: count before notification mCountSystemDeleteFiles : 88  mSystemCacheDataList.size() : 154
05-28 00:11:26.114 26090 26099 I AppClearCacheImpl: count before notification mCountSystemDeleteFiles : 89  mSystemCacheDataList.size() : 153
05-28 00:11:26.141 26090 26099 I AppClearCacheImpl: count before notification mCountSystemDeleteFiles : 90  mSystemCacheDataList.size() : 152
05-28 00:11:26.147 26090 26099 I AppClearCacheImpl: count before notification mCountSystemDeleteFiles : 91  mSystemCacheDataList.size() : 151
05-28 00:11:26.157 26090 26099 I AppClearCacheImpl: count before notification mCountSystemDeleteFiles : 92  mSystemCacheDataList.size() : 150
05-28 00:11:26.164 26090 26099 I AppClearCacheImpl: count before notification mCountSystemDeleteFiles : 93  mSystemCacheDataList.size() : 149
05-28 00:11:26.169 26090 26099 I AppClearCacheImpl: count before notification mCountSystemDeleteFiles : 94  mSystemCacheDataList.size() : 148
05-28 00:11:26.177 26090 26099 I AppClearCacheImpl: count before notification mCountSystemDeleteFiles : 95  mSystemCacheDataList.size() : 147
05-28 00:11:26.186 26090 26099 I AppClearCacheImpl: count before notification mCountSystemDeleteFiles : 96  mSystemCacheDataList.size() : 146
05-28 00:11:26.193 26090 26099 I AppClearCacheImpl: count before notification mCountSystemDeleteFiles : 97  mSystemCacheDataList.size() : 145
05-28 00:11:26.198 26090 26099 I AppClearCacheImpl: count before notification mCountSystemDeleteFiles : 98  mSystemCacheDataList.size() : 144
05-28 00:11:26.204 26090 26099 I AppClearCacheImpl: count before notification mCountSystemDeleteFiles : 99  mSystemCacheDataList.size() : 143
05-28 00:11:26.214 26090 26099 I AppClearCacheImpl: count before notification mCountSystemDeleteFiles : 100  mSystemCacheDataList.size() : 142
05-28 00:11:26.220 26090 26099 I AppClearCacheImpl: count before notification mCountSystemDeleteFiles : 101  mSystemCacheDataList.size() : 141
05-28 00:11:26.227 26090 26099 I AppClearCacheImpl: count before notification mCountSystemDeleteFiles : 102  mSystemCacheDataList.size() : 140
05-28 00:11:26.233 26090 26099 I AppClearCacheImpl: count before notification mCountSystemDeleteFiles : 103  mSystemCacheDataList.size() : 139
05-28 00:11:26.239 26090 26099 I AppClearCacheImpl: count before notification mCountSystemDeleteFiles : 104  mSystemCacheDataList.size() : 138
05-28 00:11:26.245 26090 26099 I AppClearCacheImpl: count before notification mCountSystemDeleteFiles : 105  mSystemCacheDataList.size() : 137
05-28 00:11:26.252 26090 26099 I AppClearCacheImpl: count before notification mCountSystemDeleteFiles : 106  mSystemCacheDataList.size() : 136
05-28 00:11:26.260 26090 26099 I AppClearCacheImpl: count before notification mCountSystemDeleteFiles : 107  mSystemCacheDataList.size() : 135
05-28 00:11:26.265 26090 26099 I AppClearCacheImpl: count before notification mCountSystemDeleteFiles : 108  mSystemCacheDataList.size() : 134
05-28 00:11:26.270 26090 26099 I AppClearCacheImpl: count before notification mCountSystemDeleteFiles : 109  mSystemCacheDataList.size() : 133
05-28 00:11:26.282 26090 26099 I AppClearCacheImpl: count before notification mCountSystemDeleteFiles : 110  mSystemCacheDataList.size() : 132
05-28 00:11:26.286 26090 26099 I AppClearCacheImpl: count before notification mCountSystemDeleteFiles : 111  mSystemCacheDataList.size() : 131
05-28 00:11:26.292 26090 26099 I AppClearCacheImpl: count before notification mCountSystemDeleteFiles : 112  mSystemCacheDataList.size() : 130
05-28 00:11:26.300 26090 26099 I AppClearCacheImpl: count before notification mCountSystemDeleteFiles : 113  mSystemCacheDataList.size() : 129
05-28 00:11:26.307 26090 26099 I AppClearCacheImpl: count before notification mCountSystemDeleteFiles : 114  mSystemCacheDataList.size() : 128
05-28 00:11:26.313 26090 26099 I AppClearCacheImpl: count before notification mCountSystemDeleteFiles : 115  mSystemCacheDataList.size() : 127
05-28 00:11:26.319 26090 26099 I AppClearCacheImpl: count before notification mCountSystemDeleteFiles : 116  mSystemCacheDataList.size() : 126
05-28 00:11:26.325 26090 26099 I AppClearCacheImpl: count before notification mCountSystemDeleteFiles : 117  mSystemCacheDataList.size() : 125
05-28 00:11:26.331 26090 26099 I AppClearCacheImpl: count before notification mCountSystemDeleteFiles : 118  mSystemCacheDataList.size() : 124
05-28 00:11:26.336 26090 26099 I AppClearCacheImpl: count before notification mCountSystemDeleteFiles : 119  mSystemCacheDataList.size() : 123
05-28 00:11:26.349 26090 26099 I AppClearCacheImpl: count before notification mCountSystemDeleteFiles : 120  mSystemCacheDataList.size() : 122
05-28 00:11:26.354 26090 26099 I AppClearCacheImpl: count before notification mCountSystemDeleteFiles : 121  mSystemCacheDataList.size() : 121
05-28 00:11:26.363 26090 26099 I AppClearCacheImpl: count before notification mCountSystemDeleteFiles : 122  mSystemCacheDataList.size() : 120
05-28 00:11:26.374 26090 26099 I AppClearCacheImpl: count before notification mCountSystemDeleteFiles : 123  mSystemCacheDataList.size() : 119
05-28 00:11:26.381 26090 26099 I AppClearCacheImpl: count before notification mCountSystemDeleteFiles : 124  mSystemCacheDataList.size() : 118
05-28 00:11:26.387 26090 26099 I AppClearCacheImpl: count before notification mCountSystemDeleteFiles : 125  mSystemCacheDataList.size() : 117
05-28 00:11:26.393 26090 26099 I AppClearCacheImpl: count before notification mCountSystemDeleteFiles : 126  mSystemCacheDataList.size() : 116
05-28 00:11:26.399 26090 26099 I AppClearCacheImpl: count before notification mCountSystemDeleteFiles : 127  mSystemCacheDataList.size() : 115
05-28 00:11:26.405 26090 26099 I AppClearCacheImpl: count before notification mCountSystemDeleteFiles : 128  mSystemCacheDataList.size() : 114
05-28 00:11:26.413 26090 26099 I AppClearCacheImpl: count before notification mCountSystemDeleteFiles : 129  mSystemCacheDataList.size() : 113
05-28 00:11:26.418 26090 26099 I AppClearCacheImpl: count before notification mCountSystemDeleteFiles : 130  mSystemCacheDataList.size() : 112
05-28 00:11:26.428 26090 26099 I AppClearCacheImpl: count before notification mCountSystemDeleteFiles : 131  mSystemCacheDataList.size() : 111
05-28 00:11:26.516 26090 26099 I AppClearCacheImpl: count before notification mCountSystemDeleteFiles : 132  mSystemCacheDataList.size() : 110
05-28 00:11:26.522 26090 26099 I AppClearCacheImpl: count before notification mCountSystemDeleteFiles : 133  mSystemCacheDataList.size() : 109
05-28 00:11:26.533 26090 26099 I AppClearCacheImpl: count before notification mCountSystemDeleteFiles : 134  mSystemCacheDataList.size() : 108
05-28 00:11:26.540 26090 26099 I AppClearCacheImpl: count before notification mCountSystemDeleteFiles : 135  mSystemCacheDataList.size() : 107
05-28 00:11:26.548 26090 26099 I AppClearCacheImpl: count before notification mCountSystemDeleteFiles : 136  mSystemCacheDataList.size() : 106
05-28 00:11:26.733 26090 26099 I AppClearCacheImpl: count before notification mCountSystemDeleteFiles : 137  mSystemCacheDataList.size() : 105
05-28 00:11:26.742 26090 26099 I AppClearCacheImpl: count before notification mCountSystemDeleteFiles : 138  mSystemCacheDataList.size() : 104
05-28 00:11:26.747 26090 26099 I AppClearCacheImpl: count before notification mCountSystemDeleteFiles : 139  mSystemCacheDataList.size() : 103
05-28 00:11:26.755 26090 26099 I AppClearCacheImpl: count before notification mCountSystemDeleteFiles : 140  mSystemCacheDataList.size() : 102
05-28 00:11:26.762 26090 26099 I AppClearCacheImpl: count before notification mCountSystemDeleteFiles : 141  mSystemCacheDataList.size() : 101
05-28 00:11:26.767 26090 26099 I AppClearCacheImpl: count before notification mCountSystemDeleteFiles : 142  mSystemCacheDataList.size() : 100
05-28 00:11:26.781 26090 26099 I AppClearCacheImpl: count before notification mCountSystemDeleteFiles : 143  mSystemCacheDataList.size() : 99
05-28 00:11:26.788 26090 26099 I AppClearCacheImpl: count before notification mCountSystemDeleteFiles : 144  mSystemCacheDataList.size() : 98
05-28 00:11:26.796 26090 26099 I AppClearCacheImpl: count before notification mCountSystemDeleteFiles : 145  mSystemCacheDataList.size() : 97
05-28 00:11:26.813 26090 26099 I AppClearCacheImpl: count before notification mCountSystemDeleteFiles : 146  mSystemCacheDataList.size() : 96
05-28 00:11:26.824 26090 26099 I AppClearCacheImpl: count before notification mCountSystemDeleteFiles : 147  mSystemCacheDataList.size() : 95
05-28 00:11:26.831 26090 26099 I AppClearCacheImpl: count before notification mCountSystemDeleteFiles : 148  mSystemCacheDataList.size() : 94
05-28 00:11:26.839 26090 26099 I AppClearCacheImpl: count before notification mCountSystemDeleteFiles : 149  mSystemCacheDataList.size() : 93
05-28 00:11:26.846 26090 26099 I AppClearCacheImpl: count before notification mCountSystemDeleteFiles : 150  mSystemCacheDataList.size() : 92
05-28 00:11:26.853 26090 26099 I AppClearCacheImpl: count before notification mCountSystemDeleteFiles : 151  mSystemCacheDataList.size() : 91
05-28 00:11:26.863 26090 26099 I AppClearCacheImpl: count before notification mCountSystemDeleteFiles : 152  mSystemCacheDataList.size() : 90
05-28 00:11:26.869 26090 26099 I AppClearCacheImpl: count before notification mCountSystemDeleteFiles : 153  mSystemCacheDataList.size() : 89
05-28 00:11:26.884 26090 26099 I AppClearCacheImpl: count before notification mCountSystemDeleteFiles : 154  mSystemCacheDataList.size() : 88
05-28 00:11:26.898 26090 26099 I AppClearCacheImpl: count before notification mCountSystemDeleteFiles : 155  mSystemCacheDataList.size() : 87
05-28 00:11:26.906 26090 26099 I AppClearCacheImpl: count before notification mCountSystemDeleteFiles : 156  mSystemCacheDataList.size() : 86
05-28 00:11:26.914 26090 26099 I AppClearCacheImpl: count before notification mCountSystemDeleteFiles : 157  mSystemCacheDataList.size() : 85
05-28 00:11:26.926 26090 26099 I AppClearCacheImpl: count before notification mCountSystemDeleteFiles : 158  mSystemCacheDataList.size() : 84
05-28 00:11:26.934 26090 26099 I AppClearCacheImpl: count before notification mCountSystemDeleteFiles : 159  mSystemCacheDataList.size() : 83
05-28 00:11:26.939 26090 26099 I AppClearCacheImpl: count before notification mCountSystemDeleteFiles : 160  mSystemCacheDataList.size() : 82
05-28 00:11:26.949 26090 26099 I AppClearCacheImpl: count before notification mCountSystemDeleteFiles : 161  mSystemCacheDataList.size() : 81
05-28 00:11:26.955 26090 26099 I AppClearCacheImpl: count before notification mCountSystemDeleteFiles : 162  mSystemCacheDataList.size() : 80
05-28 00:11:26.961 26090 26099 I AppClearCacheImpl: count before notification mCountSystemDeleteFiles : 163  mSystemCacheDataList.size() : 79
05-28 00:11:26.967 26090 26099 I AppClearCacheImpl: count before notification mCountSystemDeleteFiles : 164  mSystemCacheDataList.size() : 78
05-28 00:11:26.974 26090 26099 I AppClearCacheImpl: count before notification mCountSystemDeleteFiles : 165  mSystemCacheDataList.size() : 77
05-28 00:11:26.983 26090 26099 I AppClearCacheImpl: count before notification mCountSystemDeleteFiles : 166  mSystemCacheDataList.size() : 76
05-28 00:11:26.989 26090 26099 I AppClearCacheImpl: count before notification mCountSystemDeleteFiles : 167  mSystemCacheDataList.size() : 75
05-28 00:11:26.994 26090 26099 I AppClearCacheImpl: count before notification mCountSystemDeleteFiles : 168  mSystemCacheDataList.size() : 74
05-28 00:11:27.001 26090 26099 I AppClearCacheImpl: count before notification mCountSystemDeleteFiles : 169  mSystemCacheDataList.size() : 73
05-28 00:11:27.007 26090 26099 I AppClearCacheImpl: count before notification mCountSystemDeleteFiles : 170  mSystemCacheDataList.size() : 72
05-28 00:11:27.012 26090 26099 I AppClearCacheImpl: count before notification mCountSystemDeleteFiles : 171  mSystemCacheDataList.size() : 71
05-28 00:11:27.018 26090 26099 I AppClearCacheImpl: count before notification mCountSystemDeleteFiles : 172  mSystemCacheDataList.size() : 70
05-28 00:11:27.025 26090 26099 I AppClearCacheImpl: count before notification mCountSystemDeleteFiles : 173  mSystemCacheDataList.size() : 69
05-28 00:11:27.031 26090 26099 I AppClearCacheImpl: count before notification mCountSystemDeleteFiles : 174  mSystemCacheDataList.size() : 68
05-28 00:11:27.039 26090 26099 I AppClearCacheImpl: count before notification mCountSystemDeleteFiles : 175  mSystemCacheDataList.size() : 67
05-28 00:11:27.044 26090 26099 I AppClearCacheImpl: count before notification mCountSystemDeleteFiles : 176  mSystemCacheDataList.size() : 66
05-28 00:11:27.054 26090 26099 I AppClearCacheImpl: count before notification mCountSystemDeleteFiles : 177  mSystemCacheDataList.size() : 65
05-28 00:11:27.064 26090 26099 I AppClearCacheImpl: count before notification mCountSystemDeleteFiles : 178  mSystemCacheDataList.size() : 64
05-28 00:11:27.070 26090 26099 I AppClearCacheImpl: count before notification mCountSystemDeleteFiles : 179  mSystemCacheDataList.size() : 63
05-28 00:11:27.077 26090 26099 I AppClearCacheImpl: count before notification mCountSystemDeleteFiles : 180  mSystemCacheDataList.size() : 62
05-28 00:11:27.084 26090 26099 I AppClearCacheImpl: count before notification mCountSystemDeleteFiles : 181  mSystemCacheDataList.size() : 61
05-28 00:11:27.092 26090 26099 I AppClearCacheImpl: count before notification mCountSystemDeleteFiles : 182  mSystemCacheDataList.size() : 60
05-28 00:11:27.100 26090 26099 I AppClearCacheImpl: count before notification mCountSystemDeleteFiles : 183  mSystemCacheDataList.size() : 59
05-28 00:11:27.109 26090 26099 I AppClearCacheImpl: count before notification mCountSystemDeleteFiles : 184  mSystemCacheDataList.size() : 58
05-28 00:11:27.115 26090 26099 I AppClearCacheImpl: count before notification mCountSystemDeleteFiles : 185  mSystemCacheDataList.size() : 57
05-28 00:11:27.221 26090 26099 I AppClearCacheImpl: count before notification mCountSystemDeleteFiles : 186  mSystemCacheDataList.size() : 56
05-28 00:11:27.227 26090 26099 I AppClearCacheImpl: count before notification mCountSystemDeleteFiles : 187  mSystemCacheDataList.size() : 55
05-28 00:11:27.234 26090 26099 I AppClearCacheImpl: count before notification mCountSystemDeleteFiles : 188  mSystemCacheDataList.size() : 54
05-28 00:11:27.242 26090 26099 I AppClearCacheImpl: count before notification mCountSystemDeleteFiles : 189  mSystemCacheDataList.size() : 53
05-28 00:11:27.251 26090 26099 I AppClearCacheImpl: count before notification mCountSystemDeleteFiles : 190  mSystemCacheDataList.size() : 52
05-28 00:11:27.259 26090 26099 I AppClearCacheImpl: count before notification mCountSystemDeleteFiles : 191  mSystemCacheDataList.size() : 51
05-28 00:11:27.266 26090 26099 I AppClearCacheImpl: count before notification mCountSystemDeleteFiles : 192  mSystemCacheDataList.size() : 50
05-28 00:11:27.272 26090 26099 I AppClearCacheImpl: count before notification mCountSystemDeleteFiles : 193  mSystemCacheDataList.size() : 49
05-28 00:11:27.277 26090 26099 I AppClearCacheImpl: count before notification mCountSystemDeleteFiles : 194  mSystemCacheDataList.size() : 48
05-28 00:11:27.284 26090 26099 I AppClearCacheImpl: count before notification mCountSystemDeleteFiles : 195  mSystemCacheDataList.size() : 47
05-28 00:11:27.291 26090 26099 I AppClearCacheImpl: count before notification mCountSystemDeleteFiles : 196  mSystemCacheDataList.size() : 46
05-28 00:11:27.296 26090 26099 I AppClearCacheImpl: count before notification mCountSystemDeleteFiles : 197  mSystemCacheDataList.size() : 45
05-28 00:11:27.301 26090 26099 I AppClearCacheImpl: count before notification mCountSystemDeleteFiles : 198  mSystemCacheDataList.size() : 44
05-28 00:11:27.307 26090 26099 I AppClearCacheImpl: count before notification mCountSystemDeleteFiles : 199  mSystemCacheDataList.size() : 43
05-28 00:11:27.362 26090 26099 I AppClearCacheImpl: count before notification mCountSystemDeleteFiles : 200  mSystemCacheDataList.size() : 42
05-28 00:11:27.370 26090 26099 I AppClearCacheImpl: count before notification mCountSystemDeleteFiles : 201  mSystemCacheDataList.size() : 41
05-28 00:11:27.378 26090 26099 I AppClearCacheImpl: count before notification mCountSystemDeleteFiles : 202  mSystemCacheDataList.size() : 40
05-28 00:11:27.380 26279 26335 I AidlLazyServiceRegistrar: Process has 1 (of 1 available) client(s) in use after notification artd has clients: 1
05-28 00:11:27.384 26090 26099 I AppClearCacheImpl: count before notification mCountSystemDeleteFiles : 203  mSystemCacheDataList.size() : 39
05-28 00:11:27.388 26090 26099 I AppClearCacheImpl: count before notification mCountSystemDeleteFiles : 204  mSystemCacheDataList.size() : 38
05-28 00:11:27.394 26090 26099 I AppClearCacheImpl: count before notification mCountSystemDeleteFiles : 205  mSystemCacheDataList.size() : 37
05-28 00:11:27.399 26090 26099 I AppClearCacheImpl: count before notification mCountSystemDeleteFiles : 206  mSystemCacheDataList.size() : 36
05-28 00:11:27.414 26090 26099 I AppClearCacheImpl: count before notification mCountSystemDeleteFiles : 207  mSystemCacheDataList.size() : 35
05-28 00:11:27.427 26090 26099 I AppClearCacheImpl: count before notification mCountSystemDeleteFiles : 208  mSystemCacheDataList.size() : 34
05-28 00:11:27.436 26090 26099 I AppClearCacheImpl: count before notification mCountSystemDeleteFiles : 209  mSystemCacheDataList.size() : 33
05-28 00:11:27.444 26090 26099 I AppClearCacheImpl: count before notification mCountSystemDeleteFiles : 210  mSystemCacheDataList.size() : 32
05-28 00:11:27.449 26090 26099 I AppClearCacheImpl: count before notification mCountSystemDeleteFiles : 211  mSystemCacheDataList.size() : 31
05-28 00:11:27.455 26090 26099 I AppClearCacheImpl: count before notification mCountSystemDeleteFiles : 212  mSystemCacheDataList.size() : 30
05-28 00:11:27.460 26090 26099 I AppClearCacheImpl: count before notification mCountSystemDeleteFiles : 213  mSystemCacheDataList.size() : 29
05-28 00:11:27.469 26090 26099 I AppClearCacheImpl: count before notification mCountSystemDeleteFiles : 214  mSystemCacheDataList.size() : 28
05-28 00:11:27.475 26090 26099 I AppClearCacheImpl: count before notification mCountSystemDeleteFiles : 215  mSystemCacheDataList.size() : 27
05-28 00:11:27.489 26090 26099 I AppClearCacheImpl: count before notification mCountSystemDeleteFiles : 216  mSystemCacheDataList.size() : 26
05-28 00:11:27.498 26090 26099 I AppClearCacheImpl: count before notification mCountSystemDeleteFiles : 217  mSystemCacheDataList.size() : 25
05-28 00:11:27.502 26090 26099 I AppClearCacheImpl: count before notification mCountSystemDeleteFiles : 218  mSystemCacheDataList.size() : 24
05-28 00:11:27.507 26090 26099 I AppClearCacheImpl: count before notification mCountSystemDeleteFiles : 219  mSystemCacheDataList.size() : 23
05-28 00:11:27.511 26090 26099 I AppClearCacheImpl: count before notification mCountSystemDeleteFiles : 220  mSystemCacheDataList.size() : 22
05-28 00:11:27.521 26090 26099 I AppClearCacheImpl: count before notification mCountSystemDeleteFiles : 221  mSystemCacheDataList.size() : 21
05-28 00:11:27.528 26090 26099 I AppClearCacheImpl: count before notification mCountSystemDeleteFiles : 222  mSystemCacheDataList.size() : 20
05-28 00:11:27.536 26090 26099 I AppClearCacheImpl: count before notification mCountSystemDeleteFiles : 223  mSystemCacheDataList.size() : 19
05-28 00:11:27.541 26090 26099 I AppClearCacheImpl: count before notification mCountSystemDeleteFiles : 224  mSystemCacheDataList.size() : 18
05-28 00:11:27.546 26090 26099 I AppClearCacheImpl: count before notification mCountSystemDeleteFiles : 225  mSystemCacheDataList.size() : 17
05-28 00:11:27.549 26090 26099 I AppClearCacheImpl: count before notification mCountSystemDeleteFiles : 226  mSystemCacheDataList.size() : 16
05-28 00:11:27.554 26090 26099 I AppClearCacheImpl: count before notification mCountSystemDeleteFiles : 227  mSystemCacheDataList.size() : 15
05-28 00:11:27.559 26090 26099 I AppClearCacheImpl: count before notification mCountSystemDeleteFiles : 228  mSystemCacheDataList.size() : 14
05-28 00:11:27.562 26090 26099 I AppClearCacheImpl: count before notification mCountSystemDeleteFiles : 229  mSystemCacheDataList.size() : 13
05-28 00:11:27.569 26090 26099 I AppClearCacheImpl: count before notification mCountSystemDeleteFiles : 230  mSystemCacheDataList.size() : 12
05-28 00:11:27.573 26090 26099 I AppClearCacheImpl: count before notification mCountSystemDeleteFiles : 231  mSystemCacheDataList.size() : 11
05-28 00:11:27.577 26090 26099 I AppClearCacheImpl: count before notification mCountSystemDeleteFiles : 232  mSystemCacheDataList.size() : 10
05-28 00:11:27.583 26090 26099 I AppClearCacheImpl: count before notification mCountSystemDeleteFiles : 233  mSystemCacheDataList.size() : 9
05-28 00:11:27.588 26090 26099 I AppClearCacheImpl: count before notification mCountSystemDeleteFiles : 234  mSystemCacheDataList.size() : 8
05-28 00:11:27.595 26090 26099 I AppClearCacheImpl: count before notification mCountSystemDeleteFiles : 235  mSystemCacheDataList.size() : 7
05-28 00:11:33.868  1467  1467 D CallNotifier: updatePhoneStateListeners: update CF notifications.
05-28 00:11:33.870  1467  1467 D CallNotifier: updatePhoneStateListeners: update MW notifications.
05-28 00:11:33.870  1467  1467 D Telephony: SamsungVoiceMailMwiNotifiaction: getMwiNotificationId, notificationId: 2
05-28 00:11:33.870  1467  1467 I NotificationMgr: updateMwi(): phoneId 1, notificationId 2
05-28 00:11:33.873  1467  1467 D CallNotifier: updatePhoneStateListeners: update CF notifications.
05-28 00:11:33.877  1467  1467 D CallNotifier: updatePhoneStateListeners: update MW notifications.
05-28 00:11:33.877  1467  1467 D Telephony: SamsungVoiceMailMwiNotifiaction: getMwiNotificationId, notificationId: 3
05-28 00:11:33.877  1467  1467 I NotificationMgr: updateMwi(): phoneId 0, notificationId 3
05-28 00:11:33.884  1467  1467 D Telephony: SamsungTuiAsyncSendExtras: SamsungTuiAsyncSendExtras[onPreExecute] method: network_notification_event
05-28 00:11:33.884  1467 12315 D Telephony: SamsungTuiAsyncSendExtras: SamsungTuiAsyncSendExtras[doInBackground] method: network_notification_event
05-28 00:11:33.893  9748  9760 I InternalContentProvider: network_notification_event null
05-28 00:11:33.893  9748  9760 I CarrierUiCallFunctions: call network_notification_event null Bundle[mParcelledData.dataSize=832]
05-28 00:11:33.926  1467  1467 D Telephony: SamsungTuiAsyncSendExtras: SamsungTuiAsyncSendExtras[onPostExecute] method: network_notification_event
05-28 00:11:35.285 20907 20907 I HoneySpace.NotificationListener: invalid notification: com.android.systemui UserHandle{-1}: canShowBadge is false
05-28 00:11:38.829  1467  1467 D CallNotifier: updatePhoneStateListeners: update CF notifications.
05-28 00:11:38.833  1467  1467 D CallNotifier: updatePhoneStateListeners: update MW notifications.
05-28 00:11:38.833  1467  1467 D Telephony: SamsungVoiceMailMwiNotifiaction: getMwiNotificationId, notificationId: 2
05-28 00:11:38.833  1467  1467 I NotificationMgr: updateMwi(): phoneId 1, notificationId 2
05-28 00:11:38.838  1467  1467 D CallNotifier: updatePhoneStateListeners: update CF notifications.
05-28 00:11:38.841  1467  1467 D CallNotifier: updatePhoneStateListeners: update MW notifications.
05-28 00:11:38.841  1467  1467 D Telephony: SamsungVoiceMailMwiNotifiaction: getMwiNotificationId, notificationId: 3
05-28 00:11:38.841  1467  1467 I NotificationMgr: updateMwi(): phoneId 0, notificationId 3
05-28 00:11:38.848  1467  1467 D Telephony: SamsungTuiAsyncSendExtras: SamsungTuiAsyncSendExtras[onPreExecute] method: network_notification_event
05-28 00:11:38.849  1467 12315 D Telephony: SamsungTuiAsyncSendExtras: SamsungTuiAsyncSendExtras[doInBackground] method: network_notification_event
05-28 00:11:38.857  9748  9760 I InternalContentProvider: network_notification_event null
05-28 00:11:38.857  9748  9760 I CarrierUiCallFunctions: call network_notification_event null Bundle[mParcelledData.dataSize=840]
05-28 00:11:38.860  1467  1467 D Telephony: SamsungTuiAsyncSendExtras: SamsungTuiAsyncSendExtras[onPostExecute] method: network_notification_event
05-28 00:11:53.948 26090 26277 I AppClearCacheImpl: after 30 sec delete notification mCountSystemDeleteFiles 235mTotalSystemFiles 241
05-28 00:11:53.949 26090 26277 I MemorySaverNotification: hide notification: CLEARCACHE
05-28 00:11:53.960  1072  1072 D EdgeLightingPolicyManager.NotificationGroup: group notification count : 2
05-28 00:11:53.966  1072  1072 D EdgeLightingPolicyManager.NotificationGroup: group notification count : 2
05-28 00:11:53.982  1072  1072 D NotificationService: removeFlagFromNotificationLocked pkg = com.samsung.memorysaver notificationId = 3333, flag = 64
05-28 00:11:54.012  1495  1495 I FaceWidgetPositionAlgorithm: setup() mStatusBarHeight = 65, mDarkAmount = 1.0, mQsTopPadding = 1165, notificationStackHeight = 221, mPanelExpansion = 0.0, mHeight = 2408, mFaceWidgetContainerHeight = 508, mCurrentClockType = 1, notificationType = 0, hasVisibleNotifs = false
05-28 00:12:02.381 26279 26335 I AidlLazyServiceRegistrar: Process has 0 (of 1 available) client(s) in use after notification artd has clients: 0
05-28 00:12:15.455 20907 20907 I HoneySpace.NotificationListener: invalid notification: com.android.systemui UserHandle{-1}: canShowBadge is false
05-28 00:12:45.545 20907 20907 I HoneySpace.NotificationListener: invalid notification: com.android.systemui UserHandle{-1}: canShowBadge is false
05-28 00:13:05.633 20907 20907 I HoneySpace.NotificationListener: invalid notification: com.android.systemui UserHandle{-1}: canShowBadge is false
05-28 00:13:34.072  1495  1495 I FaceWidgetPositionAlgorithm: setup() mStatusBarHeight = 65, mDarkAmount = 0.0, mQsTopPadding = 1165, notificationStackHeight = 221, mPanelExpansion = 0.0, mHeight = 2408, mFaceWidgetContainerHeight = 508, mCurrentClockType = 1, notificationType = 0, hasVisibleNotifs = false
05-28 00:13:34.080  1495  1495 D SecPanelLogger:    com.android.systemui.statusbar.notification.stack.NotificationStackScrollLayout.notifyHeightChangeListener:5
05-28 00:13:34.331  1495  1495 D SecPanelLogger:    com.android.systemui.statusbar.notification.stack.NotificationStackScrollLayout.notifyHeightChangeListener:5
05-28 00:13:34.624  1495  1495 I FaceWidgetPositionAlgorithm: setup() mStatusBarHeight = 65, mDarkAmount = 0.0, mQsTopPadding = 707, notificationStackHeight = 724, mPanelExpansion = 0.0, mHeight = 2408, mFaceWidgetContainerHeight = 508, mCurrentClockType = 1, notificationType = 0, hasVisibleNotifs = false
05-28 00:13:36.001 20907 20907 I HoneySpace.NotificationListener: invalid notification: com.android.systemui UserHandle{-1}: canShowBadge is false
05-28 00:13:40.118  1495  1495 I GestureDetector: obtain mCurrentDownEvent. id: 294350547 caller: android.view.ScaleGestureDetector.onTouchEvent:275 com.android.systemui.ExpandHelper.onInterceptTouchEvent:16 com.android.systemui.statusbar.notification.stack.NotificationStackScrollLayoutController$TouchHandler.onInterceptTouchEvent:112 
05-28 00:13:40.226  1495  1495 D ExpandableNotifRow: try performDismiss : 0|com.google.android.googlequicksearchbox|0|-1857037612::a:snotification:[0xd46d6734d7a1a42a,intupdate.f,NOTIFICATION]|10206
05-28 00:13:40.229  1495  1495 D StackScroller: onViewRemovedInternal animationGenerated addTransientView : com.android.systemui.statusbar.notification.row.ExpandableNotificationRow{2f2ee88 VFE...C.. ......ID 30,0-1050,856 #7f0a03c6 app:id/expandableNotificationRow}
05-28 00:13:40.258  1072  1072 D ActivityManager: Received BROADCAST intent 0x846b4fb Key{broadcastIntent pkg=com.google.android.googlequicksearchbox intent=act=com.google.android.libraries.notifications.SYSTEM_TRAY_EVENT cmp=com.google.android.googlequicksearchbox/com.google.android.libraries.notifications.entrypoints.systemtray.SystemTrayBroadcastReceiver flags=0x4000000 u=0} requestCode=-1757209910 sent=0 from uid 1000
05-28 00:13:40.260  1072  1072 D EdgeLightingPolicyManager:NotificationGroup: remove : sbn : StatusBarNotification(pkg=com.google.android.googlequicksearchbox user=UserHandle{0} id=0 tag=-1857037612::a:snotification:[0xd46d6734d7a1a42a,intupdate.f,NOTIFICATION] key=0|com.google.android.googlequicksearchbox|0|-1857037612::a:snotification:[0xd46d6734d7a1a42a,intupdate.f,NOTIFICATION]|10206: Notification(channel=75 shortcut=null contentView=null vibrate=null sound=null tick defaults=0x0 flags=0x8 color=0x00000000 groupKey=-1857037612::SUMMARY::chime_default_group actions=2 vis=PRIVATE semFlags=0x0 semPriority=0 semMissedCount=0))
05-28 00:13:40.260  1072  1072 D EdgeLightingPolicyManager.NotificationGroup: group notification count : 2
05-28 00:13:40.262  1072  1072 D NotificationService: CancelNotificationRunnable end r = 0|com.google.android.googlequicksearchbox|0|-1857037612::a:snotification:[0xd46d6734d7a1a42a,intupdate.f,NOTIFICATION]|10206, reason = 2
05-28 00:13:40.279 20907 20907 I HoneySpace.NotificationListener: onNotificationRemoved com.google.android.googlequicksearchbox: 0|com.google.android.googlequicksearchbox|0|-1857037612::a:snotification:[0xd46d6734d7a1a42a,intupdate.f,NOTIFICATION]|10206: 0
05-28 00:13:40.504  1495  1495 D com.android.systemui.SwipeHelper: swiped dismiss anim end : com.android.systemui.statusbar.notification.row.ExpandableNotificationRow{2f2ee88 VFE...C.. ......ID 30,0-1050,856 #7f0a03c6 app:id/expandableNotificationRow}
05-28 00:13:40.513  1495  1495 I GestureDetector: obtain mCurrentDownEvent. id: 418464968 caller: android.view.ScaleGestureDetector.onTouchEvent:275 com.android.systemui.ExpandHelper.onInterceptTouchEvent:16 com.android.systemui.statusbar.notification.stack.NotificationStackScrollLayoutController$TouchHandler.onInterceptTouchEvent:112 
05-28 00:13:40.513  1495  1495 I GestureDetector: obtain mCurrentDownEvent. id: 418464968 caller: android.view.ScaleGestureDetector.onTouchEvent:275 com.android.systemui.ExpandHelper.onTouchEvent:20 com.android.systemui.statusbar.notification.stack.NotificationStackScrollLayoutController$TouchHandler.onTouchEvent:104 
05-28 00:13:42.915 26501 26598 W PrefCtrlListHelper: Cannot instantiate controller from reflection: com.samsung.android.settings.notification.StatusBarShowDateController
05-28 00:13:42.915 26501 26598 W PrefCtrlListHelper: Cannot instantiate controller from reflection: com.samsung.android.settings.notification.StatusBarBatteryPercentageController
05-28 00:13:42.915 26501 26598 W PrefCtrlListHelper: Cannot instantiate controller from reflection: com.android.settings.notification.FloatingIconsNotificationPreferenceController
05-28 00:13:42.916 26501 26598 W PrefCtrlListHelper: Cannot instantiate controller from reflection: com.android.settings.notification.ShowNotificationAppIconPreferenceController
05-28 00:13:42.918 26501 26598 W PrefCtrlListHelper: Cannot instantiate controller from reflection: com.android.settings.notification.ShowNotificationCategoryPreferenceController
05-28 00:13:44.843 26501 26598 W PrefCtrlListHelper: Cannot instantiate controller from reflection: com.android.settings.notification.zen.ZenModeAllBypassingAddAppsController
05-28 00:13:44.847 26501 26598 W PrefCtrlListHelper: Cannot instantiate controller from reflection: com.android.settings.notification.zen.ZenModeContactExceptionController
05-28 00:13:45.680 26501 26598 D BaseSearchIndex: getNonIndexableKeys() already indexed from xml. key : zen_mute_notifications
